ARM Linker, 5.03 [Build 76] [MDK-ARM Professional]

==============================================================================

Section Cross References

    main.o(.text) refers to _printf_pad.o(.text) for _printf_pre_padding
    main.o(.text) refers to _printf_percent.o(.ARM.Collect$$_printf_percent$$00000000) for _printf_percent
    main.o(.text) refers to _printf_x.o(.ARM.Collect$$_printf_percent$$0000000C) for _printf_x
    main.o(.text) refers to _printf_hex_int.o(.text) for _printf_longlong_hex
    main.o(.text) refers to delay.o(.text) for delay_ms
    main.o(.text) refers to whg.o(.text) for IWDG_Feed
    main.o(.text) refers to stm32f10x_gpio.o(.text) for GPIO_ResetBits
    main.o(.text) refers to mc323.o(.text) for M35PowerOn
    main.o(.text) refers to usart3.o(.text) for Usart3Command2Hex
    main.o(.text) refers to usart.o(.text) for Usart1CommandAnalysis
    main.o(.text) refers to os_core.o(.text) for OSStatInit
    main.o(.text) refers to os_cpu_a.o(.text) for OS_CPU_SR_Save
    main.o(.text) refers to os_task.o(.text) for OSTaskCreate
    main.o(.text) refers to sys.o(.text) for JTAG_Set
    main.o(.text) refers to power_drv.o(.text) for power_drv_init
    main.o(.text) refers to adc.o(.text) for Adc_Init
    main.o(.text) refers to noretval__2printf.o(.text) for __2printf
    main.o(.text) refers to sys.o(.data) for SystemFlow
    main.o(.text) refers to main.o(.bss) for USART1_TASK_STK
    system_stm32f10x.o(.text) refers to system_stm32f10x.o(.data) for SystemCoreClock
    myiic.o(.text) refers to stm32f10x_rcc.o(.text) for RCC_APB2PeriphClockCmd
    myiic.o(.text) refers to stm32f10x_gpio.o(.text) for GPIO_Init
    myiic.o(.text) refers to delay.o(.text) for delay_us
    mc323.o(.text) refers to _printf_percent.o(.ARM.Collect$$_printf_percent$$00000000) for _printf_percent
    mc323.o(.text) refers to _printf_s.o(.ARM.Collect$$_printf_percent$$00000014) for _printf_s
    mc323.o(.text) refers to _printf_str.o(.text) for _printf_str
    mc323.o(.text) refers to _printf_d.o(.ARM.Collect$$_printf_percent$$00000009) for _printf_d
    mc323.o(.text) refers to _printf_dec.o(.text) for _printf_int_dec
    mc323.o(.text) refers to stm32f10x_gpio.o(.text) for GPIO_SetBits
    mc323.o(.text) refers to delay.o(.text) for delay_ms
    mc323.o(.text) refers to noretval__2printf.o(.text) for __2printf
    mc323.o(.text) refers to strstr.o(.text) for strstr
    mc323.o(.text) refers to rt_memclr_w.o(.text) for __aeabi_memclr4
    mc323.o(.text) refers to noretval__2sprintf.o(.text) for __2sprintf
    mc323.o(.text) refers to os_cpu_a.o(.text) for OS_CPU_SR_Save
    mc323.o(.text) refers to usart3.o(.text) for USART3_CMD
    mc323.o(.text) refers to sys.o(.data) for SystemDebug
    mc323.o(.text) refers to usart3.o(.data) for USART3_RX_STA
    mc323.o(.text) refers to usart3.o(.bss) for USART3_RX_BUF
    mc323.o(.text) refers to mc323.o(.data) for wifiap_password
    mc323.o(.text) refers to sys.o(.bss) for systemset
    mc323.o(.text) refers to usart2.o(.text) for USART2_CMD
    mc323.o(.text) refers to os_time.o(.text) for OSTimeDlyHMSM
    mc323.o(.text) refers to analysis.o(.text) for mid
    mc323.o(.text) refers to analysis.o(.bss) for Hand_Data
    mc323.o(.data) refers to mc323.o(.conststring) for .conststring
    power_drv.o(.text) refers to stm32f10x_rcc.o(.text) for RCC_APB2PeriphClockCmd
    power_drv.o(.text) refers to stm32f10x_gpio.o(.text) for GPIO_Init
    usart2.o(.text) refers to os_core.o(.text) for OSIntEnter
    usart2.o(.text) refers to sys.o(.text) for MY_NVIC_Init
    usart2.o(.text) refers to stm32f10x_usart.o(.text) for USART_SendData
    usart2.o(.text) refers to rt_memclr_w.o(.text) for __aeabi_memclr4
    usart2.o(.text) refers to usart2.o(.data) for USART2_RX_STA
    usart2.o(.text) refers to usart2.o(.bss) for USART2_RX_BUF
    flash_in.o(.text) refers to stm32f10x_flash.o(.text) for FLASH_ProgramHalfWord
    flash_in.o(.text) refers to flash_in.o(.bss) for STMFLASH_BUF
    usart3.o(.text) refers to _printf_percent.o(.ARM.Collect$$_printf_percent$$00000000) for _printf_percent
    usart3.o(.text) refers to _printf_s.o(.ARM.Collect$$_printf_percent$$00000014) for _printf_s
    usart3.o(.text) refers to _printf_str.o(.text) for _printf_str
    usart3.o(.text) refers to _printf_pad.o(.text) for _printf_pre_padding
    usart3.o(.text) refers to _printf_x.o(.ARM.Collect$$_printf_percent$$0000000C) for _printf_x
    usart3.o(.text) refers to _printf_hex_int.o(.text) for _printf_longlong_hex
    usart3.o(.text) refers to stm32f10x_tim.o(.text) for TIM_SetCounter
    usart3.o(.text) refers to stm32f10x_usart.o(.text) for USART_GetITStatus
    usart3.o(.text) refers to stm32f10x_rcc.o(.text) for RCC_APB1PeriphClockCmd
    usart3.o(.text) refers to misc.o(.text) for NVIC_Init
    usart3.o(.text) refers to stm32f10x_gpio.o(.text) for GPIO_Init
    usart3.o(.text) refers to rt_memclr_w.o(.text) for __aeabi_memclr4
[...]
    __rt_lib_init                            0x08000177   Thumb Code     0  libinit.o(.ARM.Collect$$libinit$$00000000)
    __rt_lib_init_fp_1                       0x08000179   Thumb Code     0  libinit2.o(.ARM.Collect$$libinit$$00000002)
    __rt_lib_init_heap_1                     0x08000179   Thumb Code     0  libinit2.o(.ARM.Collect$$libinit$$00000008)
    __rt_lib_init_lc_common                  0x08000179   Thumb Code     0  libinit2.o(.ARM.Collect$$libinit$$0000000D)
    __rt_lib_init_rand_1                     0x08000179   Thumb Code     0  libinit2.o(.ARM.Collect$$libinit$$0000000C)
    __rt_lib_init_user_alloc_1               0x08000179   Thumb Code     0  libinit2.o(.ARM.Collect$$libinit$$0000000A)
    __rt_lib_init_lc_collate_1               0x0800017f   Thumb Code     0  libinit2.o(.ARM.Collect$$libinit$$0000000F)
    __rt_lib_init_lc_ctype_2                 0x0800017f   Thumb Code     0  libinit2.o(.ARM.Collect$$libinit$$00000010)
    __rt_lib_init_alloca_1                   0x0800018b   Thumb Code     0  libinit2.o(.ARM.Collect$$libinit$$0000002C)
    __rt_lib_init_argv_1                     0x0800018b   Thumb Code     0  libinit2.o(.ARM.Collect$$libinit$$0000002A)
    __rt_lib_init_atexit_1                   0x0800018b   Thumb Code     0  libinit2.o(.ARM.Collect$$libinit$$00000019)
    __rt_lib_init_clock_1                    0x0800018b   Thumb Code     0  libinit2.o(.ARM.Collect$$libinit$$0000001F)
    __rt_lib_init_cpp_1                      0x0800018b   Thumb Code     0  libinit2.o(.ARM.Collect$$libinit$$00000030)
    __rt_lib_init_exceptions_1               0x0800018b   Thumb Code     0  libinit2.o(.ARM.Collect$$libinit$$0000002E)
    __rt_lib_init_fp_trap_1                  0x0800018b   Thumb Code     0  libinit2.o(.ARM.Collect$$libinit$$0000001D)
    __rt_lib_init_getenv_1                   0x0800018b   Thumb Code     0  libinit2.o(.ARM.Collect$$libinit$$00000021)
    __rt_lib_init_lc_ctype_1                 0x0800018b   Thumb Code     0  libinit2.o(.ARM.Collect$$libinit$$00000011)
    __rt_lib_init_lc_monetary_1              0x0800018b   Thumb Code     0  libinit2.o(.ARM.Collect$$libinit$$00000013)
    __rt_lib_init_lc_numeric_1               0x0800018b   Thumb Code     0  libinit2.o(.ARM.Collect$$libinit$$00000015)
    __rt_lib_init_lc_time_1                  0x0800018b   Thumb Code     0  libinit2.o(.ARM.Collect$$libinit$$00000017)
    __rt_lib_init_return                     0x0800018b   Thumb Code     0  libinit2.o(.ARM.Collect$$libinit$$00000031)
    __rt_lib_init_signal_1                   0x0800018b   Thumb Code     0  libinit2.o(.ARM.Collect$$libinit$$0000001B)
    __rt_lib_init_stdio_1                    0x0800018b   Thumb Code     0  libinit2.o(.ARM.Collect$$libinit$$00000023)
    __rt_lib_shutdown                        0x0800018d   Thumb Code     0  libshutdown.o(.ARM.Collect$$libshutdown$$00000000)
    __rt_lib_shutdown_fp_trap_1              0x0800018f   Thumb Code     0  libshutdown2.o(.ARM.Collect$$libshutdown$$00000006)
    __rt_lib_shutdown_heap_1                 0x0800018f   Thumb Code     0  libshutdown2.o(.ARM.Collect$$libshutdown$$0000000E)
    __rt_lib_shutdown_return                 0x0800018f   Thumb Code     0  libshutdown2.o(.ARM.Collect$$libshutdown$$0000000F)
    __rt_lib_shutdown_signal_1               0x0800018f   Thumb Code     0  libshutdown2.o(.ARM.Collect$$libshutdown$$00000009)
    __rt_lib_shutdown_stdio_1                0x0800018f   Thumb Code     0  libshutdown2.o(.ARM.Collect$$libshutdown$$00000003)
    __rt_lib_shutdown_user_alloc_1           0x0800018f   Thumb Code     0  libshutdown2.o(.ARM.Collect$$libshutdown$$0000000B)
    __rt_entry                               0x08000191   Thumb Code     0  rtentry.o(.ARM.Collect$$rtentry$$00000000)
    __rt_entry_presh_1                       0x08000191   Thumb Code     0  rtentry2.o(.ARM.Collect$$rtentry$$00000002)
    __rt_entry_sh                            0x08000191   Thumb Code     0  rtentry4.o(.ARM.Collect$$rtentry$$00000004)
    __rt_entry_li                            0x08000197   Thumb Code     0  rtentry2.o(.ARM.Collect$$rtentry$$0000000A)
    __rt_entry_postsh_1                      0x08000197   Thumb Code     0  rtentry2.o(.ARM.Collect$$rtentry$$00000009)
    __rt_entry_main                          0x0800019b   Thumb Code     0  rtentry2.o(.ARM.Collect$$rtentry$$0000000D)
    __rt_entry_postli_1                      0x0800019b   Thumb Code     0  rtentry2.o(.ARM.Collect$$rtentry$$0000000C)
    __rt_exit                                0x080001a3   Thumb Code     0  rtexit.o(.ARM.Collect$$rtexit$$00000000)
    __rt_exit_ls                             0x080001a5   Thumb Code     0  rtexit2.o(.ARM.Collect$$rtexit$$00000003)
    __rt_exit_prels_1                        0x080001a5   Thumb Code     0  rtexit2.o(.ARM.Collect$$rtexit$$00000002)
    __rt_exit_exit                           0x080001a9   Thumb Code     0  rtexit2.o(.ARM.Collect$$rtexit$$00000004)
    WFI_SET                                  0x080001b1   Thumb Code     2  sys.o(.emb_text)
    INTX_DISABLE                             0x080001b3   Thumb Code     2  sys.o(.emb_text)
    INTX_ENABLE                              0x080001b5   Thumb Code     2  sys.o(.emb_text)
    MSR_MSP                                  0x080001b7   Thumb Code     6  sys.o(.emb_text)
    MC323_reconnection_task                  0x080001bd   Thumb Code    16  main.o(.text)
    xxx_task                                 0x080001cd   Thumb Code    58  main.o(.text)
    MC323_task                               0x08000207   Thumb Code    12  main.o(.text)
    main_task                                0x08000213   Thumb Code    44  main.o(.text)
    hand_task                                0x0800023f   Thumb Code    12  main.o(.text)
    uart5_task                               0x0800024b   Thumb Code    12  main.o(.text)
    usart2_task                              0x08000257   Thumb Code    14  main.o(.text)
    usart1_task                              0x08000265   Thumb Code    16  main.o(.text)
    start_task                               0x08000275   Thumb Code   144  main.o(.text)
    main                                     0x08000305   Thumb Code    96  main.o(.text)
    HardFault_Handler                        0x08000365   Thumb Code    58  main.o(.text)
    NMI_Handler                              0x08000401   Thumb Code     2  stm32f10x_it.o(.text)
    MemManage_Handler                        0x08000403   Thumb Code     4  stm32f10x_it.o(.text)
    BusFault_Handler                         0x08000407   Thumb Code     4  stm32f10x_it.o(.text)
    UsageFault_Handler                       0x0800040b   Thumb Code     4  stm32f10x_it.o(.text)
    SVC_Handler                              0x0800040f   Thumb Code     2  stm32f10x_it.o(.text)
    DebugMon_Handler                         0x08000411   Thumb Code     2  stm32f10x_it.o(.text)
    SystemInit                               0x080004f1   Thumb Code    78  system_stm32f10x.o(.text)
    SystemCoreClockUpdate                    0x0800053f   Thumb Code   142  system_stm32f10x.o(.text)
    M35PowerOn                               0x080005f1   Thumb Code    46  mc323.o(.text)
    M35PowerOff                              0x0800061f   Thumb Code    50  mc323.o(.text)
    atk_8266_check_cmd                       0x08000651   Thumb Code    44  mc323.o(.text)
    atk_8266_at_response                     0x0800067d   Thumb Code    54  mc323.o(.text)
    atk_8266_send_cmd                        0x080006b3   Thumb Code   134  mc323.o(.text)
    atk_8266_quit_trans                      0x08000739   Thumb Code    94  mc323.o(.text)
    atk_8266_consta_check                    0x08000797   Thumb Code    42  mc323.o(.text)
    atk_8266_apsta_check                     0x080007c1   Thumb Code    62  mc323.o(.text)
    atk_8266_get_wanip                       0x080007ff   Thumb Code    58  mc323.o(.text)
    atk_8266_wifiap_init                     0x08000839   Thumb Code   200  mc323.o(.text)
    atk_8266_wifiap_init2                    0x08000901   Thumb Code   204  mc323.o(.text)
    atk_8266_wifiap_conncet                  0x080009cd   Thumb Code   494  mc323.o(.text)
    M35SendCmdCheckAck                       0x08000bbb   Thumb Code   108  mc323.o(.text)
    M35SendCmdCheckBufAck                    0x08000c27   Thumb Code   128  mc323.o(.text)
    atk_8266_sendData                        0x08000ca7   Thumb Code    62  mc323.o(.text)
    atk_8266DataCheckOK                      0x08000ce5   Thumb Code    46  mc323.o(.text)
    ProcessingTheirReply                     0x08000d13   Thumb Code    76  mc323.o(.text)
    waitforcenterrecall                      0x08000d5f   Thumb Code    46  mc323.o(.text)
    Get_phone_num                            0x08000d8d   Thumb Code    20  mc323.o(.text)
    Get_sys_ip                               0x08000da1   Thumb Code    54  mc323.o(.text)
    send_mns_sucess                          0x08000dd7   Thumb Code     2  mc323.o(.text)
    atk_8266_recive_data                     0x08000dd9   Thumb Code    14  mc323.o(.text)
    atk_8266ReviceCheckOK                    0x08000de7   Thumb Code    46  mc323.o(.text)
    atk_8266ReviceInitOK                     0x08000e15   Thumb Code    46  mc323.o(.text)
    Find_Car                                 0x08000e43   Thumb Code   522  mc323.o(.text)
    Check_Car                                0x0800104d   Thumb Code   102  mc323.o(.text)
    atk_8266_wifista_init                    0x080010b3   Thumb Code   262  mc323.o(.text)
    Connect2Hand                             0x080011b9   Thumb Code    88  mc323.o(.text)
    Conecet2TheHandFromUdp                   0x08001211   Thumb Code    18  mc323.o(.text)
    power_drv_init                           0x080012ad   Thumb Code    78  power_drv.o(.text)
    ACC_Init                                 0x080012fb   Thumb Code    56  power_drv.o(.text)
    TIM4_Set                                 0x0800133d   Thumb Code    44  usart2.o(.text)
    USART2_IRQHandler                        0x08001369   Thumb Code    86  usart2.o(.text)
    TIM4_Init                                0x080013bf   Thumb Code    74  usart2.o(.text)
    USART2_Init                              0x08001409   Thumb Code   190  usart2.o(.text)
    TIM4_IRQHandler                          0x080014c7   Thumb Code    58  usart2.o(.text)
    USART2_CMD                               0x08001501   Thumb Code    38  usart2.o(.text)
    USART2_DATA                              0x08001527   Thumb Code    42  usart2.o(.text)
    Usart2CommandAnalysis                    0x08001551   Thumb Code    60  usart2.o(.text)
    STMFLASH_ReadHalfWord                    0x080015ad   Thumb Code     6  flash_in.o(.text)
    STMFLASH_Write_NoCheck                   0x080015b3   Thumb Code    38  flash_in.o(.text)
    STMFLASH_Read                            0x080015d9   Thumb Code    34  flash_in.o(.text)
    STMFLASH_Write                           0x080015fb   Thumb Code   222  flash_in.o(.text)
    Test_Write                               0x080016d9   Thumb Code    16  flash_in.o(.text)
    TIM2_Set                                 0x080016f1   Thumb Code    38  usart3.o(.text)
    USART3_IRQHandler                        0x08001717   Thumb Code    86  usart3.o(.text)
    TIM2_Init                                0x0800176d   Thumb Code    84  usart3.o(.text)
    USART3_Init                              0x080017c1   Thumb Code   186  usart3.o(.text)
    TIM2_IRQHandler                          0x0800187b   Thumb Code    40  usart3.o(.text)
    Usart3CommandAnalysis                    0x080018a3   Thumb Code    94  usart3.o(.text)
    Usart3Command2Hex                        0x08001901   Thumb Code    66  usart3.o(.text)
    USART3_CMD                               0x08001943   Thumb Code    38  usart3.o(.text)
    USART3_DATA                              0x08001969   Thumb Code    42  usart3.o(.text)
    Adc_Init                                 0x080019c5   Thumb Code   136  adc.o(.text)
    Get_Adc                                  0x08001a4d   Thumb Code    94  adc.o(.text)
    Get_Adc_Average                          0x08001aab   Thumb Code    46  adc.o(.text)
    Update_SysVol                            0x08001ad9   Thumb Code   164  adc.o(.text)
    IWDG_Init                                0x08001b89   Thumb Code    36  whg.o(.text)
    IWDG_Feed                                0x08001bad   Thumb Code     8  whg.o(.text)
    SysTick_Handler                          0x08001bb5   Thumb Code    16  delay.o(.text)
    delay_init                               0x08001bc5   Thumb Code    76  delay.o(.text)
    delay_us                                 0x08001c11   Thumb Code    70  delay.o(.text)
    delay_ms                                 0x08001c57   Thumb Code    62  delay.o(.text)
    NVIC_Configuration                       0x08001ca9   Thumb Code    12  sys.o(.text)
    MY_NVIC_SetVectorTable                   0x08001cb5   Thumb Code    12  sys.o(.text)
    MY_NVIC_PriorityGroupConfig              0x08001cc1   Thumb Code    36  sys.o(.text)
    MY_NVIC_Init                             0x08001ce5   Thumb Code   116  sys.o(.text)
    Ex_NVIC_Config                           0x08001d59   Thumb Code   146  sys.o(.text)
    MYRCC_DeInit                             0x08001deb   Thumb Code    90  sys.o(.text)
    Sys_Standby                              0x08001e45   Thumb Code    68  sys.o(.text)
    Sys_Soft_Reset                           0x08001e89   Thumb Code    12  sys.o(.text)
    JTAG_Set                                 0x08001e95   Thumb Code    42  sys.o(.text)
    Stm32_Clock_Init                         0x08001ebf   Thumb Code   130  sys.o(.text)
    mymemset                                 0x08001f41   Thumb Code    20  sys.o(.text)
    sysset_read_para                         0x08001f55   Thumb Code    16  sys.o(.text)
    sysset_save_para                         0x08001f65   Thumb Code    30  sys.o(.text)
    SYS_Parameter_Init                       0x08001f83   Thumb Code   152  sys.o(.text)
    Update_All                               0x0800201b   Thumb Code   620  sys.o(.text)
    _sys_exit                                0x08002295   Thumb Code     6  usart.o(.text)
    fputc                                    0x0800229b   Thumb Code    22  usart.o(.text)
    USART1_IRQHandler                        0x080022b1   Thumb Code   128  usart.o(.text)
    uart_init                                0x08002331   Thumb Code   214  usart.o(.text)
    Get_Str_Use                              0x08002407   Thumb Code    32  usart.o(.text)
    Get_Str2_Use                             0x08002427   Thumb Code    56  usart.o(.text)
    User_Command_Analysis                    0x0800245f   Thumb Code   516  usart.o(.text)
    Usart1CommandAnalysis                    0x08002663   Thumb Code   510  usart.o(.text)
    dateDiff                                 0x0800286d   Thumb Code   372  analysis.o(.text)
    leapYear                                 0x080029e1   Thumb Code    50  analysis.o(.text)
    getNewDate                               0x08002a13   Thumb Code   322  analysis.o(.text)
    mid                                      0x08002b55   Thumb Code    78  analysis.o(.text)
    Dec2Hex                                  0x08002ba3   Thumb Code    34  analysis.o(.text)
    Hex2Dec                                  0x08002bc5   Thumb Code    34  analysis.o(.text)
    DataCore                                 0x08002be7   Thumb Code    26  analysis.o(.text)
    SXProtoco_CRC16                          0x08002c01   Thumb Code    16  analysis.o(.text)
    Sync_HandData                            0x08002c11   Thumb Code   108  analysis.o(.text)
    Command_HandData                         0x08002c7d   Thumb Code   128  analysis.o(.text)
    ComRoad_HandData                         0x08002cfd   Thumb Code    66  analysis.o(.text)
    Sync_HandData1                           0x08002d3f   Thumb Code   188  analysis.o(.text)
    Sync_HandData2                           0x08002dfb   Thumb Code    80  analysis.o(.text)
    Command_HandData2                        0x08002e4b   Thumb Code   138  analysis.o(.text)
    Reset_Handler                            0x08002ee5   Thumb Code     8  startup_stm32f10x_md.o(.text)
    ADC1_2_IRQHandler                        0x08002eff   Thumb Code     0  startup_stm32f10x_md.o(.text)
    CAN1_RX1_IRQHandler                      0x08002eff   Thumb Code     0  startup_stm32f10x_md.o(.text)
    CAN1_SCE_IRQHandler                      0x08002eff   Thumb Code     0  startup_stm32f10x_md.o(.text)
    DMA1_Channel1_IRQHandler                 0x08002eff   Thumb Code     0  startup_stm32f10x_md.o(.text)
    DMA1_Channel2_IRQHandler                 0x08002eff   Thumb Code     0  startup_stm32f10x_md.o(.text)
    DMA1_Channel3_IRQHandler                 0x08002eff   Thumb Code     0  startup_stm32f10x_md.o(.text)
    DMA1_Channel4_IRQHandler                 0x08002eff   Thumb Code     0  startup_stm32f10x_md.o(.text)
    DMA1_Channel5_IRQHandler                 0x08002eff   Thumb Code     0  startup_stm32f10x_md.o(.text)
    DMA1_Channel6_IRQHandler                 0x08002eff   Thumb Code     0  startup_stm32f10x_md.o(.text)
    DMA1_Channel7_IRQHandler                 0x08002eff   Thumb Code     0  startup_stm32f10x_md.o(.text)
    EXTI0_IRQHandler                         0x08002eff   Thumb Code     0  startup_stm32f10x_md.o(.text)
    EXTI15_10_IRQHandler                     0x08002eff   Thumb Code     0  startup_stm32f10x_md.o(.text)
    EXTI1_IRQHandler                         0x08002eff   Thumb Code     0  startup_stm32f10x_md.o(.text)
    EXTI2_IRQHandler                         0x08002eff   Thumb Code     0  startup_stm32f10x_md.o(.text)
    EXTI3_IRQHandler                         0x08002eff   Thumb Code     0  startup_stm32f10x_md.o(.text)
    EXTI4_IRQHandler                         0x08002eff   Thumb Code     0  startup_stm32f10x_md.o(.text)
    EXTI9_5_IRQHandler                       0x08002eff   Thumb Code     0  startup_stm32f10x_md.o(.text)
    FLASH_IRQHandler                         0x08002eff   Thumb Code     0  startup_stm32f10x_md.o(.text)
    I2C1_ER_IRQHandler                       0x08002eff   Thumb Code     0  startup_stm32f10x_md.o(.text)
    I2C1_EV_IRQHandler                       0x08002eff   Thumb Code     0  startup_stm32f10x_md.o(.text)
    I2C2_ER_IRQHandler                       0x08002eff   Thumb Code     0  startup_stm32f10x_md.o(.text)
    I2C2_EV_IRQHandler                       0x08002eff   Thumb Code     0  startup_stm32f10x_md.o(.text)
    PVD_IRQHandler                           0x08002eff   Thumb Code     0  startup_stm32f10x_md.o(.text)
    RCC_IRQHandler                           0x08002eff   Thumb Code     0  startup_stm32f10x_md.o(.text)
    RTCAlarm_IRQHandler                      0x08002eff   Thumb Code     0  startup_stm32f10x_md.o(.text)
    RTC_IRQHandler                           0x08002eff   Thumb Code     0  startup_stm32f10x_md.o(.text)
    SPI1_IRQHandler                          0x08002eff   Thumb Code     0  startup_stm32f10x_md.o(.text)
    SPI2_IRQHandler                          0x08002eff   Thumb Code     0  startup_stm32f10x_md.o(.text)
    TAMPER_IRQHandler                        0x08002eff   Thumb Code     0  startup_stm32f10x_md.o(.text)
    TIM1_BRK_IRQHandler                      0x08002eff   Thumb Code     0  startup_stm32f10x_md.o(.text)
    TIM1_CC_IRQHandler                       0x08002eff   Thumb Code     0  startup_stm32f10x_md.o(.text)
    TIM1_TRG_COM_IRQHandler                  0x08002eff   Thumb Code     0  startup_stm32f10x_md.o(.text)
    TIM1_UP_IRQHandler                       0x08002eff   Thumb Code     0  startup_stm32f10x_md.o(.text)
    TIM3_IRQHandler                          0x08002eff   Thumb Code     0  startup_stm32f10x_md.o(.text)
    USBWakeUp_IRQHandler                     0x08002eff   Thumb Code     0  startup_stm32f10x_md.o(.text)
    USB_HP_CAN1_TX_IRQHandler                0x08002eff   Thumb Code     0  startup_stm32f10x_md.o(.text)
    USB_LP_CAN1_RX0_IRQHandler               0x08002eff   Thumb Code     0  startup_stm32f10x_md.o(.text)
    WWDG_IRQHandler                          0x08002eff   Thumb Code     0  startup_stm32f10x_md.o(.text)
    __user_initial_stackheap                 0x08002f01   Thumb Code     0  startup_stm32f10x_md.o(.text)
    NVIC_PriorityGroupConfig                 0x08002f25   Thumb Code    10  misc.o(.text)
    NVIC_Init                                0x08002f2f   Thumb Code   102  misc.o(.text)
    NVIC_SetVectorTable                      0x08002f95   Thumb Code    14  misc.o(.text)
    NVIC_SystemLPConfig                      0x08002fa3   Thumb Code    34  misc.o(.text)
    SysTick_CLKSourceConfig                  0x08002fc5   Thumb Code    40  misc.o(.text)
    GPIO_DeInit                              0x08003001   Thumb Code   172  stm32f10x_gpio.o(.text)
    GPIO_AFIODeInit                          0x080030ad   Thumb Code    20  stm32f10x_gpio.o(.text)
    GPIO_Init                                0x080030c1   Thumb Code   274  stm32f10x_gpio.o(.text)
    GPIO_StructInit                          0x080031d3   Thumb Code    16  stm32f10x_gpio.o(.text)
    GPIO_ReadInputDataBit                    0x080031e3   Thumb Code    18  stm32f10x_gpio.o(.text)
    GPIO_ReadInputData                       0x080031f5   Thumb Code     8  stm32f10x_gpio.o(.text)
    GPIO_ReadOutputDataBit                   0x080031fd   Thumb Code    18  stm32f10x_gpio.o(.text)
    GPIO_ReadOutputData                      0x0800320f   Thumb Code     8  stm32f10x_gpio.o(.text)
    GPIO_SetBits                             0x08003217   Thumb Code     4  stm32f10x_gpio.o(.text)
    GPIO_ResetBits                           0x0800321b   Thumb Code     4  stm32f10x_gpio.o(.text)
    GPIO_WriteBit                            0x0800321f   Thumb Code    10  stm32f10x_gpio.o(.text)
    GPIO_Write                               0x08003229   Thumb Code     4  stm32f10x_gpio.o(.text)
    GPIO_PinLockConfig                       0x0800322d   Thumb Code    18  stm32f10x_gpio.o(.text)
    GPIO_EventOutputConfig                   0x0800323f   Thumb Code    26  stm32f10x_gpio.o(.text)
    GPIO_EventOutputCmd                      0x08003259   Thumb Code     6  stm32f10x_gpio.o(.text)
    GPIO_PinRemapConfig                      0x0800325f   Thumb Code   138  stm32f10x_gpio.o(.text)
    GPIO_EXTILineConfig                      0x080032e9   Thumb Code    66  stm32f10x_gpio.o(.text)
    GPIO_ETH_MediaInterfaceConfig            0x0800332b   Thumb Code     6  stm32f10x_gpio.o(.text)
    RCC_DeInit                               0x08003359   Thumb Code    64  stm32f10x_rcc.o(.text)
    RCC_HSEConfig                            0x08003399   Thumb Code    70  stm32f10x_rcc.o(.text)
    RCC_GetFlagStatus                        0x080033df   Thumb Code    56  stm32f10x_rcc.o(.text)
    RCC_WaitForHSEStartUp                    0x08003417   Thumb Code    56  stm32f10x_rcc.o(.text)
    RCC_AdjustHSICalibrationValue            0x0800344f   Thumb Code    20  stm32f10x_rcc.o(.text)
    RCC_HSICmd                               0x08003463   Thumb Code     6  stm32f10x_rcc.o(.text)
    RCC_PLLConfig                            0x08003469   Thumb Code    24  stm32f10x_rcc.o(.text)
    RCC_PLLCmd                               0x08003481   Thumb Code     6  stm32f10x_rcc.o(.text)
    RCC_SYSCLKConfig                         0x08003487   Thumb Code    18  stm32f10x_rcc.o(.text)
    RCC_GetSYSCLKSource                      0x08003499   Thumb Code    10  stm32f10x_rcc.o(.text)
    RCC_HCLKConfig                           0x080034a3   Thumb Code    18  stm32f10x_rcc.o(.text)
    RCC_PCLK1Config                          0x080034b5   Thumb Code    18  stm32f10x_rcc.o(.text)
    RCC_PCLK2Config                          0x080034c7   Thumb Code    20  stm32f10x_rcc.o(.text)
    RCC_ITConfig                             0x080034db   Thumb Code    26  stm32f10x_rcc.o(.text)
    RCC_USBCLKConfig                         0x080034f5   Thumb Code     6  stm32f10x_rcc.o(.text)
    RCC_ADCCLKConfig                         0x080034fb   Thumb Code    18  stm32f10x_rcc.o(.text)
    RCC_LSEConfig                            0x0800350d   Thumb Code    44  stm32f10x_rcc.o(.text)
    RCC_LSICmd                               0x08003539   Thumb Code     6  stm32f10x_rcc.o(.text)
    RCC_RTCCLKConfig                         0x0800353f   Thumb Code    12  stm32f10x_rcc.o(.text)
    RCC_RTCCLKCmd                            0x0800354b   Thumb Code     8  stm32f10x_rcc.o(.text)
    RCC_GetClocksFreq                        0x08003553   Thumb Code   192  stm32f10x_rcc.o(.text)
    RCC_AHBPeriphClockCmd                    0x08003613   Thumb Code    26  stm32f10x_rcc.o(.text)
    RCC_APB2PeriphClockCmd                   0x0800362d   Thumb Code    26  stm32f10x_rcc.o(.text)
    RCC_APB1PeriphClockCmd                   0x08003647   Thumb Code    26  stm32f10x_rcc.o(.text)
    RCC_APB2PeriphResetCmd                   0x08003661   Thumb Code    26  stm32f10x_rcc.o(.text)
    RCC_APB1PeriphResetCmd                   0x0800367b   Thumb Code    26  stm32f10x_rcc.o(.text)
    RCC_BackupResetCmd                       0x08003695   Thumb Code     8  stm32f10x_rcc.o(.text)
    RCC_ClockSecuritySystemCmd               0x0800369d   Thumb Code     6  stm32f10x_rcc.o(.text)
    RCC_MCOConfig                            0x080036a3   Thumb Code     6  stm32f10x_rcc.o(.text)
    RCC_ClearFlag                            0x080036a9   Thumb Code    14  stm32f10x_rcc.o(.text)
    RCC_GetITStatus                          0x080036b7   Thumb Code    20  stm32f10x_rcc.o(.text)
    RCC_ClearITPendingBit                    0x080036cb   Thumb Code     6  stm32f10x_rcc.o(.text)
    TIM_DeInit                               0x080036fd   Thumb Code   424  stm32f10x_tim.o(.text)
    TIM_TimeBaseInit                         0x080038a5   Thumb Code   122  stm32f10x_tim.o(.text)
    TIM_OC1Init                              0x0800391f   Thumb Code   132  stm32f10x_tim.o(.text)
    TIM_OC2Init                              0x080039a3   Thumb Code   154  stm32f10x_tim.o(.text)
    TIM_OC3Init                              0x08003a3d   Thumb Code   150  stm32f10x_tim.o(.text)
    TIM_OC4Init                              0x08003ad3   Thumb Code   182  stm32f10x_tim.o(.text)
    TIM_SetIC4Prescaler                      0x08003b89   Thumb Code    26  stm32f10x_tim.o(.text)
    TIM_SetIC3Prescaler                      0x08003c25   Thumb Code    18  stm32f10x_tim.o(.text)
    TIM_SetIC2Prescaler                      0x08003cb1   Thumb Code    26  stm32f10x_tim.o(.text)
    TIM_SetIC1Prescaler                      0x08003d4d   Thumb Code    18  stm32f10x_tim.o(.text)
    TIM_ICInit                               0x08003dcb   Thumb Code   150  stm32f10x_tim.o(.text)
    TIM_PWMIConfig                           0x08003e61   Thumb Code   124  stm32f10x_tim.o(.text)
    TIM_BDTRConfig                           0x08003edd   Thumb Code    32  stm32f10x_tim.o(.text)
    TIM_TimeBaseStructInit                   0x08003efd   Thumb Code    18  stm32f10x_tim.o(.text)
    TIM_OCStructInit                         0x08003f0f   Thumb Code    20  stm32f10x_tim.o(.text)
    TIM_ICStructInit                         0x08003f23   Thumb Code    18  stm32f10x_tim.o(.text)
    TIM_BDTRStructInit                       0x08003f35   Thumb Code    40  stm32f10x_tim.o(.text)
    TIM_Cmd                                  0x08003f5d   Thumb Code    24  stm32f10x_tim.o(.text)
    TIM_CtrlPWMOutputs                       0x08003f75   Thumb Code    30  stm32f10x_tim.o(.text)
    TIM_ITConfig                             0x08003f93   Thumb Code    18  stm32f10x_tim.o(.text)
    TIM_GenerateEvent                        0x08003fa5   Thumb Code     4  stm32f10x_tim.o(.text)
    TIM_DMAConfig                            0x08003fa9   Thumb Code    10  stm32f10x_tim.o(.text)
    TIM_DMACmd                               0x08003fb3   Thumb Code    18  stm32f10x_tim.o(.text)
    TIM_InternalClockConfig                  0x08003fc5   Thumb Code    12  stm32f10x_tim.o(.text)
    TIM_SelectInputTrigger                   0x08003fd1   Thumb Code    18  stm32f10x_tim.o(.text)
    TIM_ITRxExternalClockConfig              0x08003fe3   Thumb Code    24  stm32f10x_tim.o(.text)
    TIM_TIxExternalClockConfig               0x08003ffb   Thumb Code    62  stm32f10x_tim.o(.text)
    TIM_ETRConfig                            0x08004039   Thumb Code    28  stm32f10x_tim.o(.text)
    TIM_ETRClockMode1Config                  0x08004055   Thumb Code    54  stm32f10x_tim.o(.text)
    TIM_ETRClockMode2Config                  0x0800408b   Thumb Code    32  stm32f10x_tim.o(.text)
    TIM_PrescalerConfig                      0x080040ab   Thumb Code     6  stm32f10x_tim.o(.text)
    TIM_CounterModeConfig                    0x080040b1   Thumb Code    18  stm32f10x_tim.o(.text)
    TIM_EncoderInterfaceConfig               0x080040c3   Thumb Code    66  stm32f10x_tim.o(.text)
    TIM_ForcedOC1Config                      0x08004105   Thumb Code    18  stm32f10x_tim.o(.text)
    TIM_ForcedOC2Config                      0x08004117   Thumb Code    26  stm32f10x_tim.o(.text)
    TIM_ForcedOC3Config                      0x08004131   Thumb Code    18  stm32f10x_tim.o(.text)
    TIM_ForcedOC4Config                      0x08004143   Thumb Code    26  stm32f10x_tim.o(.text)
    TIM_ARRPreloadConfig                     0x0800415d   Thumb Code    24  stm32f10x_tim.o(.text)
    TIM_SelectCOM                            0x08004175   Thumb Code    24  stm32f10x_tim.o(.text)
    TIM_SelectCCDMA                          0x0800418d   Thumb Code    24  stm32f10x_tim.o(.text)
    TIM_CCPreloadControl                     0x080041a5   Thumb Code    24  stm32f10x_tim.o(.text)
    TIM_OC1PreloadConfig                     0x080041bd   Thumb Code    18  stm32f10x_tim.o(.text)
    TIM_OC2PreloadConfig                     0x080041cf   Thumb Code    26  stm32f10x_tim.o(.text)
    TIM_OC3PreloadConfig                     0x080041e9   Thumb Code    18  stm32f10x_tim.o(.text)
    TIM_OC4PreloadConfig                     0x080041fb   Thumb Code    26  stm32f10x_tim.o(.text)
    TIM_OC1FastConfig                        0x08004215   Thumb Code    18  stm32f10x_tim.o(.text)
    TIM_OC2FastConfig                        0x08004227   Thumb Code    26  stm32f10x_tim.o(.text)
    TIM_OC3FastConfig                        0x08004241   Thumb Code    18  stm32f10x_tim.o(.text)
    TIM_OC4FastConfig                        0x08004253   Thumb Code    26  stm32f10x_tim.o(.text)
    TIM_ClearOC1Ref                          0x0800426d   Thumb Code    18  stm32f10x_tim.o(.text)
    TIM_ClearOC2Ref                          0x0800427f   Thumb Code    24  stm32f10x_tim.o(.text)
    TIM_ClearOC3Ref                          0x08004297   Thumb Code    18  stm32f10x_tim.o(.text)
    TIM_ClearOC4Ref                          0x080042a9   Thumb Code    24  stm32f10x_tim.o(.text)
    TIM_OC1PolarityConfig                    0x080042c1   Thumb Code    18  stm32f10x_tim.o(.text)
    TIM_OC1NPolarityConfig                   0x080042d3   Thumb Code    18  stm32f10x_tim.o(.text)
    TIM_OC2PolarityConfig                    0x080042e5   Thumb Code    26  stm32f10x_tim.o(.text)
    TIM_OC2NPolarityConfig                   0x080042ff   Thumb Code    26  stm32f10x_tim.o(.text)
    TIM_OC3PolarityConfig                    0x08004319   Thumb Code    26  stm32f10x_tim.o(.text)
    TIM_OC3NPolarityConfig                   0x08004333   Thumb Code    26  stm32f10x_tim.o(.text)
    TIM_OC4PolarityConfig                    0x0800434d   Thumb Code    26  stm32f10x_tim.o(.text)
    TIM_CCxCmd                               0x08004367   Thumb Code    30  stm32f10x_tim.o(.text)
    TIM_CCxNCmd                              0x08004385   Thumb Code    30  stm32f10x_tim.o(.text)
    TIM_SelectOCxM                           0x080043a3   Thumb Code    82  stm32f10x_tim.o(.text)
    TIM_UpdateDisableConfig                  0x080043f5   Thumb Code    24  stm32f10x_tim.o(.text)
    TIM_UpdateRequestConfig                  0x0800440d   Thumb Code    24  stm32f10x_tim.o(.text)
    TIM_SelectHallSensor                     0x08004425   Thumb Code    24  stm32f10x_tim.o(.text)
    TIM_SelectOnePulseMode                   0x0800443d   Thumb Code    18  stm32f10x_tim.o(.text)
    TIM_SelectOutputTrigger                  0x0800444f   Thumb Code    18  stm32f10x_tim.o(.text)
    TIM_SelectSlaveMode                      0x08004461   Thumb Code    18  stm32f10x_tim.o(.text)
    TIM_SelectMasterSlaveMode                0x08004473   Thumb Code    18  stm32f10x_tim.o(.text)
    TIM_SetCounter                           0x08004485   Thumb Code     4  stm32f10x_tim.o(.text)
    TIM_SetAutoreload                        0x08004489   Thumb Code     4  stm32f10x_tim.o(.text)
    TIM_SetCompare1                          0x0800448d   Thumb Code     4  stm32f10x_tim.o(.text)
    TIM_SetCompare2                          0x08004491   Thumb Code     4  stm32f10x_tim.o(.text)
    TIM_SetCompare3                          0x08004495   Thumb Code     4  stm32f10x_tim.o(.text)
    TIM_SetCompare4                          0x08004499   Thumb Code     6  stm32f10x_tim.o(.text)
    TIM_SetClockDivision                     0x0800449f   Thumb Code    18  stm32f10x_tim.o(.text)
    TIM_GetCapture1                          0x080044b1   Thumb Code     6  stm32f10x_tim.o(.text)
    TIM_GetCapture2                          0x080044b7   Thumb Code     6  stm32f10x_tim.o(.text)
    TIM_GetCapture3                          0x080044bd   Thumb Code     6  stm32f10x_tim.o(.text)
    TIM_GetCapture4                          0x080044c3   Thumb Code     8  stm32f10x_tim.o(.text)
    TIM_GetCounter                           0x080044cb   Thumb Code     6  stm32f10x_tim.o(.text)
    TIM_GetPrescaler                         0x080044d1   Thumb Code     6  stm32f10x_tim.o(.text)
    TIM_GetFlagStatus                        0x080044d7   Thumb Code    18  stm32f10x_tim.o(.text)
    TIM_ClearFlag                            0x080044e9   Thumb Code     6  stm32f10x_tim.o(.text)
    TIM_GetITStatus                          0x080044ef   Thumb Code    34  stm32f10x_tim.o(.text)
    TIM_ClearITPendingBit                    0x08004511   Thumb Code     6  stm32f10x_tim.o(.text)
    USART_DeInit                             0x08004519   Thumb Code   134  stm32f10x_usart.o(.text)
    USART_Init                               0x0800459f   Thumb Code   210  stm32f10x_usart.o(.text)
    USART_StructInit                         0x08004671   Thumb Code    24  stm32f10x_usart.o(.text)
    USART_ClockInit                          0x08004689   Thumb Code    34  stm32f10x_usart.o(.text)
    USART_ClockStructInit                    0x080046ab   Thumb Code    12  stm32f10x_usart.o(.text)
    USART_Cmd                                0x080046b7   Thumb Code    24  stm32f10x_usart.o(.text)
    USART_ITConfig                           0x080046cf   Thumb Code    74  stm32f10x_usart.o(.text)
    USART_DMACmd                             0x08004719   Thumb Code    18  stm32f10x_usart.o(.text)
    USART_SetAddress                         0x0800472b   Thumb Code    18  stm32f10x_usart.o(.text)
    USART_WakeUpConfig                       0x0800473d   Thumb Code    18  stm32f10x_usart.o(.text)
    USART_ReceiverWakeUpCmd                  0x0800474f   Thumb Code    24  stm32f10x_usart.o(.text)
    USART_LINBreakDetectLengthConfig         0x08004767   Thumb Code    18  stm32f10x_usart.o(.text)
    USART_LINCmd                             0x08004779   Thumb Code    24  stm32f10x_usart.o(.text)
    USART_SendData                           0x08004791   Thumb Code     8  stm32f10x_usart.o(.text)
    USART_ReceiveData                        0x08004799   Thumb Code    10  stm32f10x_usart.o(.text)
    USART_SendBreak                          0x080047a3   Thumb Code    10  stm32f10x_usart.o(.text)
    USART_SetGuardTime                       0x080047ad   Thumb Code    16  stm32f10x_usart.o(.text)
    USART_SetPrescaler                       0x080047bd   Thumb Code    16  stm32f10x_usart.o(.text)
    USART_SmartCardCmd                       0x080047cd   Thumb Code    24  stm32f10x_usart.o(.text)
    USART_SmartCardNACKCmd                   0x080047e5   Thumb Code    24  stm32f10x_usart.o(.text)
    USART_HalfDuplexCmd                      0x080047fd   Thumb Code    24  stm32f10x_usart.o(.text)
    USART_OverSampling8Cmd                   0x08004815   Thumb Code    22  stm32f10x_usart.o(.text)
    USART_OneBitMethodCmd                    0x0800482b   Thumb Code    24  stm32f10x_usart.o(.text)
    USART_IrDAConfig                         0x08004843   Thumb Code    18  stm32f10x_usart.o(.text)
    USART_IrDACmd                            0x08004855   Thumb Code    24  stm32f10x_usart.o(.text)
    USART_GetFlagStatus                      0x0800486d   Thumb Code    26  stm32f10x_usart.o(.text)
    USART_ClearFlag                          0x08004887   Thumb Code    18  stm32f10x_usart.o(.text)
    USART_GetITStatus                        0x08004899   Thumb Code    84  stm32f10x_usart.o(.text)
    USART_ClearITPendingBit                  0x080048ed   Thumb Code    52  stm32f10x_usart.o(.text)
    FLASH_SetLatency                         0x08004921   Thumb Code    18  stm32f10x_flash.o(.text)
    FLASH_HalfCycleAccessCmd                 0x08004933   Thumb Code    22  stm32f10x_flash.o(.text)
    FLASH_PrefetchBufferCmd                  0x08004949   Thumb Code    22  stm32f10x_flash.o(.text)
    FLASH_Unlock                             0x0800495f   Thumb Code    12  stm32f10x_flash.o(.text)
    FLASH_UnlockBank1                        0x0800496b   Thumb Code    12  stm32f10x_flash.o(.text)
    FLASH_Lock                               0x08004977   Thumb Code    14  stm32f10x_flash.o(.text)
    FLASH_LockBank1                          0x08004985   Thumb Code    14  stm32f10x_flash.o(.text)
    FLASH_GetBank1Status                     0x08004993   Thumb Code    48  stm32f10x_flash.o(.text)
    FLASH_WaitForLastOperation               0x080049c3   Thumb Code    38  stm32f10x_flash.o(.text)
    FLASH_ErasePage                          0x080049e9   Thumb Code    72  stm32f10x_flash.o(.text)
    FLASH_EraseAllPages                      0x08004a31   Thumb Code    68  stm32f10x_flash.o(.text)
    FLASH_WaitForLastBank1Operation          0x08004a75   Thumb Code    38  stm32f10x_flash.o(.text)
    FLASH_EraseAllBank1Pages                 0x08004a9b   Thumb Code    68  stm32f10x_flash.o(.text)
    FLASH_GetReadOutProtectionStatus         0x08004adf   Thumb Code    20  stm32f10x_flash.o(.text)
    FLASH_EraseOptionBytes                   0x08004af3   Thumb Code   150  stm32f10x_flash.o(.text)
    FLASH_ProgramWord                        0x08004b89   Thumb Code   102  stm32f10x_flash.o(.text)
    FLASH_ProgramHalfWord                    0x08004bef   Thumb Code    60  stm32f10x_flash.o(.text)
    FLASH_ProgramOptionByteData              0x08004c2b   Thumb Code    72  stm32f10x_flash.o(.text)
    FLASH_EnableWriteProtection              0x08004c73   Thumb Code   200  stm32f10x_flash.o(.text)
    FLASH_ReadOutProtection                  0x08004d3b   Thumb Code   156  stm32f10x_flash.o(.text)
    FLASH_UserOptionByteConfig               0x08004dd7   Thumb Code    88  stm32f10x_flash.o(.text)
    FLASH_GetUserOptionByte                  0x08004e2f   Thumb Code     8  stm32f10x_flash.o(.text)
    FLASH_GetWriteProtectionOptionByte       0x08004e37   Thumb Code     6  stm32f10x_flash.o(.text)
    FLASH_GetPrefetchBufferStatus            0x08004e3d   Thumb Code    20  stm32f10x_flash.o(.text)
    FLASH_ITConfig                           0x08004e51   Thumb Code    26  stm32f10x_flash.o(.text)
    FLASH_GetFlagStatus                      0x08004e6b   Thumb Code    42  stm32f10x_flash.o(.text)
    FLASH_ClearFlag                          0x08004e95   Thumb Code     6  stm32f10x_flash.o(.text)
    FLASH_GetStatus                          0x08004e9b   Thumb Code    48  stm32f10x_flash.o(.text)
    ADC_DeInit                               0x08004edd   Thumb Code    78  stm32f10x_adc.o(.text)
    ADC_Init                                 0x08004f2b   Thumb Code    70  stm32f10x_adc.o(.text)
    ADC_StructInit                           0x08004f71   Thumb Code    18  stm32f10x_adc.o(.text)
    ADC_Cmd                                  0x08004f83   Thumb Code    22  stm32f10x_adc.o(.text)
    ADC_DMACmd                               0x08004f99   Thumb Code    22  stm32f10x_adc.o(.text)
    ADC_ITConfig                             0x08004faf   Thumb Code    24  stm32f10x_adc.o(.text)
    ADC_ResetCalibration                     0x08004fc7   Thumb Code    10  stm32f10x_adc.o(.text)
    ADC_GetResetCalibrationStatus            0x08004fd1   Thumb Code    20  stm32f10x_adc.o(.text)
    ADC_StartCalibration                     0x08004fe5   Thumb Code    10  stm32f10x_adc.o(.text)
    ADC_GetCalibrationStatus                 0x08004fef   Thumb Code    20  stm32f10x_adc.o(.text)
    ADC_SoftwareStartConvCmd                 0x08005003   Thumb Code    22  stm32f10x_adc.o(.text)
    ADC_GetSoftwareStartConvStatus           0x08005019   Thumb Code    20  stm32f10x_adc.o(.text)
    ADC_DiscModeChannelCountConfig           0x0800502d   Thumb Code    24  stm32f10x_adc.o(.text)
    ADC_DiscModeCmd                          0x08005045   Thumb Code    22  stm32f10x_adc.o(.text)
    ADC_RegularChannelConfig                 0x0800505b   Thumb Code   184  stm32f10x_adc.o(.text)
    ADC_ExternalTrigConvCmd                  0x08005113   Thumb Code    22  stm32f10x_adc.o(.text)
    ADC_GetConversionValue                   0x08005129   Thumb Code     8  stm32f10x_adc.o(.text)
    ADC_GetDualModeConversionValue           0x08005131   Thumb Code     8  stm32f10x_adc.o(.text)
    ADC_AutoInjectedConvCmd                  0x08005139   Thumb Code    22  stm32f10x_adc.o(.text)
    ADC_InjectedDiscModeCmd                  0x0800514f   Thumb Code    22  stm32f10x_adc.o(.text)
    ADC_ExternalTrigInjectedConvConfig       0x08005165   Thumb Code    16  stm32f10x_adc.o(.text)
    ADC_ExternalTrigInjectedConvCmd          0x08005175   Thumb Code    22  stm32f10x_adc.o(.text)
    ADC_SoftwareStartInjectedConvCmd         0x0800518b   Thumb Code    22  stm32f10x_adc.o(.text)
    ADC_GetSoftwareStartInjectedConvCmdStatus 0x080051a1   Thumb Code    20  stm32f10x_adc.o(.text)
    ADC_InjectedChannelConfig                0x080051b5   Thumb Code   130  stm32f10x_adc.o(.text)
    ADC_InjectedSequencerLengthConfig        0x08005237   Thumb Code    24  stm32f10x_adc.o(.text)
    ADC_SetInjectedOffset                    0x0800524f   Thumb Code    20  stm32f10x_adc.o(.text)
    ADC_GetInjectedConversionValue           0x08005263   Thumb Code    28  stm32f10x_adc.o(.text)
    ADC_AnalogWatchdogCmd                    0x0800527f   Thumb Code    16  stm32f10x_adc.o(.text)
    ADC_AnalogWatchdogThresholdsConfig       0x0800528f   Thumb Code     6  stm32f10x_adc.o(.text)
    ADC_AnalogWatchdogSingleChannelConfig    0x08005295   Thumb Code    16  stm32f10x_adc.o(.text)
    ADC_TempSensorVrefintCmd                 0x080052a5   Thumb Code    64  stm32f10x_adc.o(.text)
    ADC_GetFlagStatus                        0x080052e5   Thumb Code    18  stm32f10x_adc.o(.text)
    ADC_ClearFlag                            0x080052f7   Thumb Code     6  stm32f10x_adc.o(.text)
    ADC_GetITStatus                          0x080052fd   Thumb Code    36  stm32f10x_adc.o(.text)
    ADC_ClearITPendingBit                    0x08005321   Thumb Code    10  stm32f10x_adc.o(.text)
    IWDG_WriteAccessCmd                      0x0800532d   Thumb Code     6  stm32f10x_iwdg.o(.text)
    IWDG_SetPrescaler                        0x08005333   Thumb Code     6  stm32f10x_iwdg.o(.text)
    IWDG_SetReload                           0x08005339   Thumb Code     6  stm32f10x_iwdg.o(.text)
    IWDG_ReloadCounter                       0x0800533f   Thumb Code    10  stm32f10x_iwdg.o(.text)
    IWDG_Enable                              0x08005349   Thumb Code    10  stm32f10x_iwdg.o(.text)
    IWDG_GetFlagStatus                       0x08005353   Thumb Code    20  stm32f10x_iwdg.o(.text)
    OS_TaskStatStkChk                        0x0800536d   Thumb Code    54  os_core.o(.text)
    OS_TaskStat                              0x080053a3   Thumb Code   116  os_core.o(.text)
    OS_TaskIdle                              0x0800544b   Thumb Code    34  os_core.o(.text)
    OS_MemClr                                0x080054a1   Thumb Code    18  os_core.o(.text)
    OSInit                                   0x080055bf   Thumb Code    52  os_core.o(.text)
    OSIntEnter                               0x080055f3   Thumb Code    28  os_core.o(.text)
    OSIntExit                                0x08005629   Thumb Code   112  os_core.o(.text)
    OSSchedLock                              0x08005699   Thumb Code    50  os_core.o(.text)
    OS_Sched                                 0x080056cb   Thumb Code    88  os_core.o(.text)
    OSSchedUnlock                            0x08005723   Thumb Code   238  os_core.o(.text)
    OSStart                                  0x08005811   Thumb Code    48  os_core.o(.text)
    OSStatInit                               0x08005841   Thumb Code    62  os_core.o(.text)
    OSTimeTick                               0x0800587f   Thumb Code   218  os_core.o(.text)
    OSVersion                                0x08005959   Thumb Code     6  os_core.o(.text)
    OS_Dummy                                 0x0800595f   Thumb Code     2  os_core.o(.text)
    OS_EventTaskRemove                       0x08005961   Thumb Code    42  os_core.o(.text)
    OS_EventTaskRdy                          0x0800598b   Thumb Code   118  os_core.o(.text)
    OS_EventTaskWait                         0x08005a01   Thumb Code   112  os_core.o(.text)
    OS_EventWaitListInit                     0x08005a71   Thumb Code    28  os_core.o(.text)
    OS_MemCopy                               0x08005a8d   Thumb Code    20  os_core.o(.text)
    OS_StrLen                                0x08005aa1   Thumb Code    20  os_core.o(.text)
    OS_TCBInit                               0x08005ab5   Thumb Code   294  os_core.o(.text)
    OSFlagAccept                             0x08005c21   Thumb Code   252  os_flag.o(.text)
    OSFlagCreate                             0x08005d1d   Thumb Code    86  os_flag.o(.text)
    OS_FlagUnlink                            0x08005d73   Thumb Code    36  os_flag.o(.text)
    OSFlagDel                                0x08005df7   Thumb Code   214  os_flag.o(.text)
    OSFlagNameGet                            0x08005ecd   Thumb Code    80  os_flag.o(.text)
    OSFlagNameSet                            0x08005f1d   Thumb Code    66  os_flag.o(.text)
    OSFlagPend                               0x08005ff7   Thumb Code   614  os_flag.o(.text)
    OSFlagPendGetFlagsRdy                    0x0800625d   Thumb Code    26  os_flag.o(.text)
    OSFlagPost                               0x08006277   Thumb Code   312  os_flag.o(.text)
    OSFlagQuery                              0x080063af   Thumb Code    48  os_flag.o(.text)
    OS_FlagInit                              0x080063df   Thumb Code    78  os_flag.o(.text)
    OSMemCreate                              0x08006439   Thumb Code   118  os_mem.o(.text)
    OSMemGet                                 0x080064af   Thumb Code    62  os_mem.o(.text)
    OSMemNameGet                             0x080064ed   Thumb Code    60  os_mem.o(.text)
    OSMemNameSet                             0x08006529   Thumb Code    48  os_mem.o(.text)
    OSMemPut                                 0x08006559   Thumb Code    54  os_mem.o(.text)
    OSMemQuery                               0x0800658f   Thumb Code    52  os_mem.o(.text)
    OS_MemInit                               0x080065c3   Thumb Code    24  os_mem.o(.text)
    OSQAccept                                0x080065ed   Thumb Code    88  os_q.o(.text)
    OSQCreate                                0x08006645   Thumb Code   140  os_q.o(.text)
    OSQDel                                   0x080066d1   Thumb Code   236  os_q.o(.text)
    OSQFlush                                 0x080067bd   Thumb Code    36  os_q.o(.text)
    OSQPend                                  0x080067e1   Thumb Code   272  os_q.o(.text)
    OSQPendAbort                             0x080068f1   Thumb Code   128  os_q.o(.text)
    OSQPost                                  0x08006971   Thumb Code   114  os_q.o(.text)
    OSQPostFront                             0x080069e3   Thumb Code   136  os_q.o(.text)
    OSQPostOpt                               0x08006a6b   Thumb Code   182  os_q.o(.text)
    OSQQuery                                 0x08006b21   Thumb Code    98  os_q.o(.text)
    OS_QInit                                 0x08006b83   Thumb Code    72  os_q.o(.text)
    OSSemAccept                              0x08006bd5   Thumb Code    42  os_sem.o(.text)
    OSSemCreate                              0x08006bff   Thumb Code    68  os_sem.o(.text)
    OSSemDel                                 0x08006c43   Thumb Code   200  os_sem.o(.text)
    OSSemPend                                0x08006d0b   Thumb Code   222  os_sem.o(.text)
    OSSemPendAbort                           0x08006de9   Thumb Code   128  os_sem.o(.text)
    OSSemPost                                0x08006e69   Thumb Code    88  os_sem.o(.text)
    OSSemQuery                               0x08006ec1   Thumb Code    76  os_sem.o(.text)
    OSSemSet                                 0x08006f0d   Thumb Code    66  os_sem.o(.text)
    OSTaskChangePrio                         0x08006f61   Thumb Code   310  os_task.o(.text)
    OSTaskCreate                             0x08007097   Thumb Code   148  os_task.o(.text)
    OS_TaskStkClr                            0x0800712b   Thumb Code    26  os_task.o(.text)
    OSTaskCreateExt                          0x08007145   Thumb Code   170  os_task.o(.text)
    OSTaskDel                                0x080071ef   Thumb Code   294  os_task.o(.text)
    OSTaskDelReq                             0x08007315   Thumb Code   146  os_task.o(.text)
    OSTaskNameGet                            0x080073a7   Thumb Code   114  os_task.o(.text)
    OSTaskNameSet                            0x08007419   Thumb Code    98  os_task.o(.text)
    OSTaskResume                             0x0800747b   Thumb Code   160  os_task.o(.text)
    OSTaskStkChk                             0x0800751b   Thumb Code   132  os_task.o(.text)
    OSTaskSuspend                            0x0800759f   Thumb Code   152  os_task.o(.text)
    OSTaskQuery                              0x08007637   Thumb Code    82  os_task.o(.text)
    OSTaskRegGet                             0x08007689   Thumb Code    60  os_task.o(.text)
    OSTaskRegSet                             0x080076c5   Thumb Code    62  os_task.o(.text)
    OS_TaskReturn                            0x08007703   Thumb Code    18  os_task.o(.text)
    OSTimeDly                                0x0800772d   Thumb Code   100  os_time.o(.text)
    OSTimeDlyHMSM                            0x08007791   Thumb Code    86  os_time.o(.text)
    OSTimeDlyResume                          0x080077e7   Thumb Code   176  os_time.o(.text)
    OSTimeGet                                0x08007897   Thumb Code    24  os_time.o(.text)
    OSTimeSet                                0x080078af   Thumb Code    24  os_time.o(.text)
    OSTmrCreate                              0x08007917   Thumb Code    96  os_tmr.o(.text)
    OSTmrDel                                 0x080079ef   Thumb Code   124  os_tmr.o(.text)
    OSTmrNameGet                             0x08007a6b   Thumb Code   114  os_tmr.o(.text)
    OSTmrRemainGet                           0x08007add   Thumb Code   164  os_tmr.o(.text)
    OSTmrStateGet                            0x08007b81   Thumb Code    86  os_tmr.o(.text)
    OSTmrStart                               0x08007c3b   Thumb Code   128  os_tmr.o(.text)
    OSTmrStop                                0x08007cbb   Thumb Code   210  os_tmr.o(.text)
    OSTmrSignal                              0x08007d8d   Thumb Code    16  os_tmr.o(.text)
    OSTmr_Init                               0x08007e41   Thumb Code   152  os_tmr.o(.text)
    OS_CPU_SR_Save                           0x08007f19   Thumb Code     0  os_cpu_a.o(.text)
    OS_CPU_SR_Restore                        0x08007f21   Thumb Code     0  os_cpu_a.o(.text)
    OSStartHighRdy                           0x08007f27   Thumb Code     0  os_cpu_a.o(.text)
    OSCtxSw                                  0x08007f49   Thumb Code     0  os_cpu_a.o(.text)
    OSIntCtxSw                               0x08007f57   Thumb Code     0  os_cpu_a.o(.text)
    PendSV_Handler                           0x08007f67   Thumb Code     0  os_cpu_a.o(.text)
    OSInitHookBegin                          0x08007fcd   Thumb Code     8  os_cpu_c.o(.text)
    OSInitHookEnd                            0x08007fd5   Thumb Code     2  os_cpu_c.o(.text)
    OSTaskCreateHook                         0x08007fd7   Thumb Code     2  os_cpu_c.o(.text)
    OSTaskDelHook                            0x08007fd9   Thumb Code     2  os_cpu_c.o(.text)
    OSTaskIdleHook                           0x08007fdb   Thumb Code     2  os_cpu_c.o(.text)
    OSTaskStatHook                           0x08007fdd   Thumb Code     2  os_cpu_c.o(.text)
    OSTaskStkInit                            0x08007fdf   Thumb Code   154  os_cpu_c.o(.text)
    OSTaskSwHook                             0x08008079   Thumb Code     2  os_cpu_c.o(.text)
    OSTCBInitHook                            0x0800807b   Thumb Code     2  os_cpu_c.o(.text)
    OSTimeTickHook                           0x0800807d   Thumb Code    30  os_cpu_c.o(.text)
    OSTaskReturnHook                         0x0800809b   Thumb Code     2  os_cpu_c.o(.text)
    __use_no_semihosting                     0x080080a1   Thumb Code     2  use_no_semi_2.o(.text)
    __2printf                                0x080080a5   Thumb Code    20  noretval__2printf.o(.text)
    __2sprintf                               0x080080bd   Thumb Code    34  noretval__2sprintf.o(.text)
    _printf_pre_padding                      0x080080e5   Thumb Code    46  _printf_pad.o(.text)
    _printf_post_padding                     0x08008113   Thumb Code    36  _printf_pad.o(.text)
    _printf_str                              0x08008137   Thumb Code    82  _printf_str.o(.text)
    _printf_int_dec                          0x08008189   Thumb Code   102  _printf_dec.o(.text)
    _printf_int_hex                          0x08008201   Thumb Code    88  _printf_hex_int.o(.text)
    _printf_longlong_hex                     0x08008201   Thumb Code     0  _printf_hex_int.o(.text)
    __printf                                 0x0800825d   Thumb Code   310  __printf_flags_wp.o(.text)
    strtol                                   0x08008399   Thumb Code   112  strtol.o(.text)
    strstr                                   0x08008409   Thumb Code    36  strstr.o(.text)
    strcpy                                   0x0800842d   Thumb Code    72  strcpy.o(.text)
    strlen                                   0x08008475   Thumb Code    62  strlen.o(.text)
    __aeabi_memcpy4                          0x080084b3   Thumb Code     0  rt_memcpy_w.o(.text)
    __aeabi_memcpy8                          0x080084b3   Thumb Code     0  rt_memcpy_w.o(.text)
    __rt_memcpy_w                            0x080084b3   Thumb Code   100  rt_memcpy_w.o(.text)
    _memcpy_lastbytes_aligned                0x080084fb   Thumb Code     0  rt_memcpy_w.o(.text)
    __aeabi_memclr4                          0x08008517   Thumb Code     0  rt_memclr_w.o(.text)
    __aeabi_memclr8                          0x08008517   Thumb Code     0  rt_memclr_w.o(.text)
    __rt_memclr_w                            0x08008517   Thumb Code    78  rt_memclr_w.o(.text)
    _memset_w                                0x0800851b   Thumb Code     0  rt_memclr_w.o(.text)
    __use_two_region_memory                  0x08008565   Thumb Code     2  heapauxi.o(.text)
    __rt_heap_escrow$2region                 0x08008567   Thumb Code     2  heapauxi.o(.text)
    __rt_heap_expand$2region                 0x08008569   Thumb Code     2  heapauxi.o(.text)
    __I$use$semihosting                      0x0800856b   Thumb Code     0  use_no_semi.o(.text)
    __use_no_semihosting_swi                 0x0800856b   Thumb Code     2  use_no_semi.o(.text)
    __rt_ctype_table                         0x0800856d   Thumb Code    16  rt_ctype_table.o(.text)
    __aeabi_errno_addr                       0x0800857d   Thumb Code     8  rt_errno_addr_intlibspace.o(.text)
    __errno$intlibspace                      0x0800857d   Thumb Code     0  rt_errno_addr_intlibspace.o(.text)
    __rt_errno_addr$intlibspace              0x0800857d   Thumb Code     0  rt_errno_addr_intlibspace.o(.text)
    _printf_int_common                       0x08008585   Thumb Code   184  _printf_intcommon.o(.text)
    _printf_char_common                      0x08008647   Thumb Code    32  _printf_char_common.o(.text)
    _sputc                                   0x0800866d   Thumb Code    10  _sputc.o(.text)
    _printf_cs_common                        0x08008677   Thumb Code    20  _printf_char.o(.text)
    _printf_char                             0x0800868b   Thumb Code    16  _printf_char.o(.text)
    _printf_string                           0x0800869b   Thumb Code     8  _printf_char.o(.text)
    _printf_char_file                        0x080086a5   Thumb Code    32  _printf_char_file.o(.text)
    _strtoul                                 0x080086c9   Thumb Code   158  _strtoul.o(.text)
    __user_libspace                          0x08008769   Thumb Code     8  libspace.o(.text)
    __user_perproc_libspace                  0x08008769   Thumb Code     0  libspace.o(.text)
    __user_perthread_libspace                0x08008769   Thumb Code     0  libspace.o(.text)
    __rt_locale                              0x08008771   Thumb Code     8  rt_locale_intlibspace.o(.text)
    _chval                                   0x08008779   Thumb Code    28  _chval.o(.text)
    ferror                                   0x08008795   Thumb Code     8  ferror.o(.text)
    __user_setup_stackheap                   0x0800879d   Thumb Code    74  sys_stackheap_outer.o(.text)
    exit                                     0x080087e7   Thumb Code    12  exit.o(.text)
    strcmp                                   0x080087f5   Thumb Code   128  strcmpv7m.o(.text)
    _is_digit                                0x08008875   Thumb Code    14  __printf_wp.o(i._is_digit)
    _get_lc_ctype                            0x08008885   Thumb Code    44  lc_ctype_c.o(locale$$code)
    __aeabi_fadd                             0x080088b1   Thumb Code     0  faddsub_clz.o(x$fpl$fadd)
    _fadd                                    0x080088b1   Thumb Code   196  faddsub_clz.o(x$fpl$fadd)
    __aeabi_fdiv                             0x08008975   Thumb Code     0  fdiv.o(x$fpl$fdiv)
    _fdiv                                    0x08008975   Thumb Code   384  fdiv.o(x$fpl$fdiv)
    __aeabi_f2uiz                            0x08008af9   Thumb Code     0  ffixu.o(x$fpl$ffixu)
    _ffixu                                   0x08008af9   Thumb Code    62  ffixu.o(x$fpl$ffixu)
    __aeabi_ui2f                             0x08008b39   Thumb Code     0  fflt_clz.o(x$fpl$ffltu)
    _ffltu                                   0x08008b39   Thumb Code    38  fflt_clz.o(x$fpl$ffltu)
    __aeabi_fmul                             0x08008b61   Thumb Code     0  fmul.o(x$fpl$fmul)
    _fmul                                    0x08008b61   Thumb Code   258  fmul.o(x$fpl$fmul)
    __fpl_fnaninf                            0x08008c63   Thumb Code   140  fnaninf.o(x$fpl$fnaninf)
    __fpl_fretinf                            0x08008cef   Thumb Code    10  fretinf.o(x$fpl$fretinf)
    __aeabi_frsub                            0x08008cf9   Thumb Code     0  faddsub_clz.o(x$fpl$frsb)
    _frsb                                    0x08008cf9   Thumb Code    20  faddsub_clz.o(x$fpl$frsb)
    __aeabi_fsub                             0x08008d0d   Thumb Code     0  faddsub_clz.o(x$fpl$fsub)
    _fsub                                    0x08008d0d   Thumb Code   234  faddsub_clz.o(x$fpl$fsub)
    __I$use$fp                               0x08008df6   Number         0  usenofp.o(x$fpl$usenofp)
    OSUnMapTbl                               0x08008e58   Data         256  os_core.o(.constdata)
    Region$$Table$$Base                      0x08008fb0   Number         0  anon$$obj.o(Region$$Table)
    Region$$Table$$Limit                     0x08008fd0   Number         0  anon$$obj.o(Region$$Table)
    __ctype                                  0x08008fdd   Data           0  lc_ctype_c.o(locale$$data)
    SystemCoreClock                          0x20000000   Data           4  system_stm32f10x.o(.data)
    AHBPrescTable                            0x20000004   Data          16  system_stm32f10x.o(.data)
    modetbl                                  0x20000014   Data           8  mc323.o(.data)
    InterCurLine                             0x2000001c   Data           1  mc323.o(.data)
    IPCONNCET                                0x2000001d   Data           1  mc323.o(.data)
    RtuSendIdentifier                        0x2000001e   Data           1  mc323.o(.data)
    RtuSendBufNUll                           0x2000001f   Data           1  mc323.o(.data)
    RtuSendFinish                            0x20000020   Data           1  mc323.o(.data)
    DataSensoCheck                           0x20000021   Data           1  mc323.o(.data)
    wifiap_ssid                              0x20000024   Data           4  mc323.o(.data)
    wifiap_password                          0x20000028   Data           4  mc323.o(.data)
    USART2_RX_STA                            0x2000002c   Data           2  usart2.o(.data)
    USART3_RX_STA                            0x2000002e   Data           2  usart3.o(.data)
    temps                                    0x20000034   Data           1  sys.o(.data)
    SystemDebug                              0x20000035   Data           1  sys.o(.data)
    SystemFlow                               0x20000036   Data           1  sys.o(.data)
    SyssetCarinfo                            0x20000037   Data           1  sys.o(.data)
    USART_RX_STA                             0x20000038   Data           2  usart.o(.data)
    __stdout                                 0x2000003c   Data           4  usart.o(.data)
    DataBiteInfo                             0x20000040   Data           1  analysis.o(.data)
    normalMonthDays                          0x20000044   Data          52  analysis.o(.data)
    OSCtxSwCtr                               0x2000008c   Data           4  os_core.o(.data)
    OSEventFreeList                          0x20000090   Data           4  os_core.o(.data)
    OSFlagFreeList                           0x20000094   Data           4  os_core.o(.data)
    OSCPUUsage                               0x20000098   Data           1  os_core.o(.data)
    OSIdleCtrMax                             0x2000009c   Data           4  os_core.o(.data)
    OSIdleCtrRun                             0x200000a0   Data           4  os_core.o(.data)
    OSStatRdy                                0x200000a4   Data           1  os_core.o(.data)
    OSIntNesting                             0x200000a5   Data           1  os_core.o(.data)
    OSLockNesting                            0x200000a6   Data           1  os_core.o(.data)
    OSPrioCur                                0x200000a7   Data           1  os_core.o(.data)
    OSPrioHighRdy                            0x200000a8   Data           1  os_core.o(.data)
    OSRdyGrp                                 0x200000a9   Data           1  os_core.o(.data)
    OSRdyTbl                                 0x200000aa   Data           8  os_core.o(.data)
    OSRunning                                0x200000b2   Data           1  os_core.o(.data)
    OSTaskCtr                                0x200000b3   Data           1  os_core.o(.data)
    OSIdleCtr                                0x200000b4   Data           4  os_core.o(.data)
    OSTCBCur                                 0x200000b8   Data           4  os_core.o(.data)
    OSTCBFreeList                            0x200000bc   Data           4  os_core.o(.data)
    OSTCBHighRdy                             0x200000c0   Data           4  os_core.o(.data)
    OSTCBList                                0x200000c4   Data           4  os_core.o(.data)
    OSTickStepState                          0x200000c8   Data           1  os_core.o(.data)
    OSMemFreeList                            0x200000cc   Data           4  os_core.o(.data)
    OSQFreeList                              0x200000d0   Data           4  os_core.o(.data)
    OSTime                                   0x200000d4   Data           4  os_core.o(.data)
    OSTmrFree                                0x200000d8   Data           2  os_core.o(.data)
    OSTmrUsed                                0x200000da   Data           2  os_core.o(.data)
    OSTmrTime                                0x200000dc   Data           4  os_core.o(.data)
    OSTmrSem                                 0x200000e0   Data           4  os_core.o(.data)
    OSTmrSemSignal                           0x200000e4   Data           4  os_core.o(.data)
    OSTmrFreeList                            0x200000e8   Data           4  os_core.o(.data)
    OSInterrputSum                           0x200000ec   Data           4  os_cpu_c.o(.data)
    START_TASK_STK                           0x200000f4   Data         256  main.o(.bss)
    USART1_TASK_STK                          0x200001f4   Data        2048  main.o(.bss)
    USART2_TASK_STK                          0x200009f4   Data        2048  main.o(.bss)
    UART5_TASK_STK                           0x200011f4   Data        1024  main.o(.bss)
    MAIN_TASK_STK                            0x200015f4   Data        2048  main.o(.bss)
    XXX_TASK_STK                             0x20001df4   Data         256  main.o(.bss)
    HAND_TASK_STK                            0x20001ef4   Data         512  main.o(.bss)
    MC323_TASK_STK                           0x200020f4   Data        1024  main.o(.bss)
    MC323_reconnection_TASK_STK              0x200024f4   Data         512  main.o(.bss)
    USART2_RX_BUF                            0x200026f4   Data         100  usart2.o(.bss)
    STMFLASH_BUF                             0x20002758   Data        1024  flash_in.o(.bss)
    USART3_RX_BUF                            0x20002b58   Data         800  usart3.o(.bss)
    adcvols                                  0x20002e78   Data          10  adc.o(.bss)
    systemset                                0x20002e82   Data          69  sys.o(.bss)
    USART_RX_BUF                             0x20002ec7   Data         200  usart.o(.bss)
    Hand_Data                                0x20002f8f   Data          60  analysis.o(.bss)
    my_core_data                             0x20002fcb   Data          16  analysis.o(.bss)
    OSEventTbl                               0x20002fdc   Data         200  os_core.o(.bss)
    OSFlagTbl                                0x200030a4   Data          80  os_core.o(.bss)
    OSTaskStatStk                            0x200030f4   Data         512  os_core.o(.bss)
    OSTaskIdleStk                            0x200032f4   Data         512  os_core.o(.bss)
    OSTCBPrioTbl                             0x200034f4   Data         256  os_core.o(.bss)
    OSTCBTbl                                 0x200035f4   Data        1176  os_core.o(.bss)
    OSMemTbl                                 0x20003a8c   Data          24  os_core.o(.bss)
    OSQTbl                                   0x20003aa4   Data         120  os_core.o(.bss)
    OSTmrTbl                                 0x20003b1c   Data         640  os_core.o(.bss)
    OSTmrTaskStk                             0x20003d9c   Data         512  os_core.o(.bss)
    OSTmrWheelTbl                            0x20003f9c   Data          64  os_core.o(.bss)
    __libspace_start                         0x20003fdc   Data          96  libspace.o(.bss)
    __temporary_stack_top$libspace           0x2000403c   Data           0  libspace.o(.bss)



==============================================================================

Memory Map of the image

  Image Entry point : 0x080000ed

  Load Region LR_IROM1 (Base: 0x08000000, Size: 0x000091d4, Max: 0x00010000, ABSOLUTE)

    Execution Region ER_IROM1 (Base: 0x08000000, Size: 0x000090e0, Max: 0x00010000, ABSOLUTE)

    Base Addr    Size         Type   Attr      Idx    E Section Name        Object

    0x08000000   0x000000ec   Data   RO          425    RESET               startup_stm32f10x_md.o
    0x080000ec   0x00000008   Code   RO          808  * !!!main             c_w.l(__main.o)
    0x080000f4   0x00000034   Code   RO         1025    !!!scatter          c_w.l(__scatter.o)
    0x08000128   0x0000001a   Code   RO         1027    !!handler_copy      c_w.l(__scatter_copy.o)
    0x08000142   0x00000002   PAD
    0x08000144   0x0000001c   Code   RO         1029    !!handler_zi        c_w.l(__scatter_zi.o)
    0x08000160   0x00000000   Code   RO          793    .ARM.Collect$$_printf_percent$$00000000  c_w.l(_printf_percent.o)
    0x08000160   0x00000006   Code   RO          792    .ARM.Collect$$_printf_percent$$00000009  c_w.l(_printf_d.o)
    0x08000166   0x00000006   Code   RO          791    .ARM.Collect$$_printf_percent$$0000000C  c_w.l(_printf_x.o)
    0x0800016c   0x00000006   Code   RO          790    .ARM.Collect$$_printf_percent$$00000014  c_w.l(_printf_s.o)
    0x08000172   0x00000004   Code   RO          852    .ARM.Collect$$_printf_percent$$00000017  c_w.l(_printf_percent_end.o)
    0x08000176   0x00000002   Code   RO          905    .ARM.Collect$$libinit$$00000000  c_w.l(libinit.o)
    0x08000178   0x00000000   Code   RO          907    .ARM.Collect$$libinit$$00000002  c_w.l(libinit2.o)
    0x08000178   0x00000000   Code   RO          910    .ARM.Collect$$libinit$$00000008  c_w.l(libinit2.o)
    0x08000178   0x00000000   Code   RO          912    .ARM.Collect$$libinit$$0000000A  c_w.l(libinit2.o)
    0x08000178   0x00000000   Code   RO          914    .ARM.Collect$$libinit$$0000000C  c_w.l(libinit2.o)
    0x08000178   0x00000006   Code   RO          915    .ARM.Collect$$libinit$$0000000D  c_w.l(libinit2.o)
    0x0800017e   0x00000000   Code   RO          917    .ARM.Collect$$libinit$$0000000F  c_w.l(libinit2.o)
    0x0800017e   0x0000000c   Code   RO          918    .ARM.Collect$$libinit$$00000010  c_w.l(libinit2.o)
    0x0800018a   0x00000000   Code   RO          919    .ARM.Collect$$libinit$$00000011  c_w.l(libinit2.o)
    0x0800018a   0x00000000   Code   RO          921    .ARM.Collect$$libinit$$00000013  c_w.l(libinit2.o)
    0x0800018a   0x00000000   Code   RO          923    .ARM.Collect$$libinit$$00000015  c_w.l(libinit2.o)
    0x0800018a   0x00000000   Code   RO          925    .ARM.Collect$$libinit$$00000017  c_w.l(libinit2.o)
    0x0800018a   0x00000000   Code   RO          927    .ARM.Collect$$libinit$$00000019  c_w.l(libinit2.o)
    0x0800018a   0x00000000   Code   RO          929    .ARM.Collect$$libinit$$0000001B  c_w.l(libinit2.o)
    0x0800018a   0x00000000   Code   RO          931    .ARM.Collect$$libinit$$0000001D  c_w.l(libinit2.o)
    0x0800018a   0x00000000   Code   RO          933    .ARM.Collect$$libinit$$0000001F  c_w.l(libinit2.o)
    0x0800018a   0x00000000   Code   RO          935    .ARM.Collect$$libinit$$00000021  c_w.l(libinit2.o)
    0x0800018a   0x00000000   Code   RO          937    .ARM.Collect$$libinit$$00000023  c_w.l(libinit2.o)
    0x0800018a   0x00000000   Code   RO          941    .ARM.Collect$$libinit$$0000002A  c_w.l(libinit2.o)
    0x0800018a   0x00000000   Code   RO          943    .ARM.Collect$$libinit$$0000002C  c_w.l(libinit2.o)
    0x0800018a   0x00000000   Code   RO          945    .ARM.Collect$$libinit$$0000002E  c_w.l(libinit2.o)
    0x0800018a   0x00000000   Code   RO          947    .ARM.Collect$$libinit$$00000030  c_w.l(libinit2.o)
    0x0800018a   0x00000002   Code   RO          948    .ARM.Collect$$libinit$$00000031  c_w.l(libinit2.o)
    0x0800018c   0x00000002   Code   RO          976    .ARM.Collect$$libshutdown$$00000000  c_w.l(libshutdown.o)
    0x0800018e   0x00000000   Code   RO          986    .ARM.Collect$$libshutdown$$00000003  c_w.l(libshutdown2.o)
    0x0800018e   0x00000000   Code   RO          989    .ARM.Collect$$libshutdown$$00000006  c_w.l(libshutdown2.o)
    0x0800018e   0x00000000   Code   RO          992    .ARM.Collect$$libshutdown$$00000009  c_w.l(libshutdown2.o)
    0x0800018e   0x00000000   Code   RO          994    .ARM.Collect$$libshutdown$$0000000B  c_w.l(libshutdown2.o)
    0x0800018e   0x00000000   Code   RO          997    .ARM.Collect$$libshutdown$$0000000E  c_w.l(libshutdown2.o)
    0x0800018e   0x00000002   Code   RO          998    .ARM.Collect$$libshutdown$$0000000F  c_w.l(libshutdown2.o)
    0x08000190   0x00000000   Code   RO          834    .ARM.Collect$$rtentry$$00000000  c_w.l(rtentry.o)
    0x08000190   0x00000000   Code   RO          864    .ARM.Collect$$rtentry$$00000002  c_w.l(rtentry2.o)
    0x08000190   0x00000006   Code   RO          876    .ARM.Collect$$rtentry$$00000004  c_w.l(rtentry4.o)
    0x08000196   0x00000000   Code   RO          866    .ARM.Collect$$rtentry$$00000009  c_w.l(rtentry2.o)
    0x08000196   0x00000004   Code   RO          867    .ARM.Collect$$rtentry$$0000000A  c_w.l(rtentry2.o)
    0x0800019a   0x00000000   Code   RO          869    .ARM.Collect$$rtentry$$0000000C  c_w.l(rtentry2.o)
    0x0800019a   0x00000008   Code   RO          870    .ARM.Collect$$rtentry$$0000000D  c_w.l(rtentry2.o)
    0x080001a2   0x00000002   Code   RO          949    .ARM.Collect$$rtexit$$00000000  c_w.l(rtexit.o)
    0x080001a4   0x00000000   Code   RO          956    .ARM.Collect$$rtexit$$00000002  c_w.l(rtexit2.o)
    0x080001a4   0x00000004   Code   RO          957    .ARM.Collect$$rtexit$$00000003  c_w.l(rtexit2.o)
    0x080001a8   0x00000006   Code   RO          958    .ARM.Collect$$rtexit$$00000004  c_w.l(rtexit2.o)
    0x080001ae   0x00000002   PAD
    0x080001b0   0x0000000c   Code   RO          346    .emb_text           sys.o
    0x080001bc   0x00000244   Code   RO            1    .text               main.o
    0x08000400   0x00000012   Code   RO          124    .text               stm32f10x_it.o
    0x08000412   0x00000002   PAD
    0x08000414   0x000001dc   Code   RO          156    .text               system_stm32f10x.o
    0x080005f0   0x00000cbc   Code   RO          193    .text               mc323.o
    0x080012ac   0x00000090   Code   RO          219    .text               power_drv.o
    0x0800133c   0x00000270   Code   RO          237    .text               usart2.o
    0x080015ac   0x00000144   Code   RO          256    .text               flash_in.o
    0x080016f0   0x000002d4   Code   RO          274    .text               usart3.o
    0x080019c4   0x000001c4   Code   RO          293    .text               adc.o
    0x08001b88   0x0000002c   Code   RO          311    .text               whg.o
    0x08001bb4   0x000000f4   Code   RO          332    .text               delay.o
    0x08001ca8   0x000005ec   Code   RO          347    .text               sys.o
    0x08002294   0x000005d8   Code   RO          370    .text               usart.o
    0x0800286c   0x00000678   Code   RO          393    .text               analysis.o
    0x08002ee4   0x00000040   Code   RO          426    .text               startup_stm32f10x_md.o
    0x08002f24   0x000000dc   Code   RO          430    .text               misc.o
    0x08003000   0x00000358   Code   RO          454    .text               stm32f10x_gpio.o
    0x08003358   0x000003a4   Code   RO          466    .text               stm32f10x_rcc.o
    0x080036fc   0x00000e1a   Code   RO          492    .text               stm32f10x_tim.o
    0x08004516   0x00000002   PAD
    0x08004518   0x00000408   Code   RO          504    .text               stm32f10x_usart.o
    0x08004920   0x000005bc   Code   RO          516    .text               stm32f10x_flash.o
    0x08004edc   0x0000044e   Code   RO          528    .text               stm32f10x_adc.o
    0x0800532a   0x00000002   PAD
    0x0800532c   0x00000040   Code   RO          540    .text               stm32f10x_iwdg.o
    0x0800536c   0x000008b4   Code   RO          567    .text               os_core.o
    0x08005c20   0x00000818   Code   RO          587    .text               os_flag.o
    0x08006438   0x000001b4   Code   RO          611    .text               os_mem.o
    0x080065ec   0x000005e8   Code   RO          635    .text               os_q.o
    0x08006bd4   0x0000038c   Code   RO          647    .text               os_sem.o
    0x08006f60   0x000007cc   Code   RO          659    .text               os_task.o
    0x0800772c   0x000001b8   Code   RO          671    .text               os_time.o
    0x080078e4   0x00000634   Code   RO          683    .text               os_tmr.o
    0x08007f18   0x000000b4   Code   RO          695    .text               os_cpu_a.o
    0x08007fcc   0x000000d4   Code   RO          698    .text               os_cpu_c.o
    0x080080a0   0x00000002   Code   RO          731    .text               c_w.l(use_no_semi_2.o)
    0x080080a2   0x00000002   PAD
    0x080080a4   0x00000018   Code   RO          737    .text               c_w.l(noretval__2printf.o)
    0x080080bc   0x00000028   Code   RO          739    .text               c_w.l(noretval__2sprintf.o)
    0x080080e4   0x00000052   Code   RO          743    .text               c_w.l(_printf_pad.o)
    0x08008136   0x00000052   Code   RO          745    .text               c_w.l(_printf_str.o)
    0x08008188   0x00000078   Code   RO          747    .text               c_w.l(_printf_dec.o)
    0x08008200   0x0000005c   Code   RO          752    .text               c_w.l(_printf_hex_int.o)
    0x0800825c   0x0000013c   Code   RO          782    .text               c_w.l(__printf_flags_wp.o)
    0x08008398   0x00000070   Code   RO          794    .text               c_w.l(strtol.o)
    0x08008408   0x00000024   Code   RO          796    .text               c_w.l(strstr.o)
    0x0800842c   0x00000048   Code   RO          798    .text               c_w.l(strcpy.o)
    0x08008474   0x0000003e   Code   RO          800    .text               c_w.l(strlen.o)
    0x080084b2   0x00000064   Code   RO          802    .text               c_w.l(rt_memcpy_w.o)
    0x08008516   0x0000004e   Code   RO          804    .text               c_w.l(rt_memclr_w.o)
    0x08008564   0x00000006   Code   RO          806    .text               c_w.l(heapauxi.o)
    0x0800856a   0x00000002   Code   RO          832    .text               c_w.l(use_no_semi.o)
    0x0800856c   0x00000010   Code   RO          835    .text               c_w.l(rt_ctype_table.o)
    0x0800857c   0x00000008   Code   RO          840    .text               c_w.l(rt_errno_addr_intlibspace.o)
    0x08008584   0x000000b8   Code   RO          842    .text               c_w.l(_printf_intcommon.o)
    0x0800863c   0x00000030   Code   RO          844    .text               c_w.l(_printf_char_common.o)
    0x0800866c   0x0000000a   Code   RO          846    .text               c_w.l(_sputc.o)
    0x08008676   0x0000002c   Code   RO          848    .text               c_w.l(_printf_char.o)
    0x080086a2   0x00000002   PAD
    0x080086a4   0x00000024   Code   RO          850    .text               c_w.l(_printf_char_file.o)
    0x080086c8   0x0000009e   Code   RO          853    .text               c_w.l(_strtoul.o)
    0x08008766   0x00000002   PAD
    0x08008768   0x00000008   Code   RO          860    .text               c_w.l(libspace.o)
    0x08008770   0x00000008   Code   RO          881    .text               c_w.l(rt_locale_intlibspace.o)
    0x08008778   0x0000001c   Code   RO          885    .text               c_w.l(_chval.o)
    0x08008794   0x00000008   Code   RO          887    .text               c_w.l(ferror.o)
    0x0800879c   0x0000004a   Code   RO          894    .text               c_w.l(sys_stackheap_outer.o)
    0x080087e6   0x0000000c   Code   RO          896    .text               c_w.l(exit.o)
    0x080087f2   0x00000002   PAD
    0x080087f4   0x00000080   Code   RO          898    .text               c_w.l(strcmpv7m.o)
    0x08008874   0x0000000e   Code   RO          780    i._is_digit         c_w.l(__printf_wp.o)
    0x08008882   0x00000002   PAD
    0x08008884   0x0000002c   Code   RO          892    locale$$code        c_w.l(lc_ctype_c.o)
    0x080088b0   0x000000c4   Code   RO          810    x$fpl$fadd          fz_ws.l(faddsub_clz.o)
    0x08008974   0x00000184   Code   RO          817    x$fpl$fdiv          fz_ws.l(fdiv.o)
    0x08008af8   0x0000003e   Code   RO          820    x$fpl$ffixu         fz_ws.l(ffixu.o)
    0x08008b36   0x00000002   PAD
    0x08008b38   0x00000026   Code   RO          824    x$fpl$ffltu         fz_ws.l(fflt_clz.o)
    0x08008b5e   0x00000002   PAD
    0x08008b60   0x00000102   Code   RO          830    x$fpl$fmul          fz_ws.l(fmul.o)
    0x08008c62   0x0000008c   Code   RO          855    x$fpl$fnaninf       fz_ws.l(fnaninf.o)
    0x08008cee   0x0000000a   Code   RO          857    x$fpl$fretinf       fz_ws.l(fretinf.o)
    0x08008cf8   0x00000014   Code   RO          811    x$fpl$frsb          fz_ws.l(faddsub_clz.o)
    0x08008d0c   0x000000ea   Code   RO          812    x$fpl$fsub          fz_ws.l(faddsub_clz.o)
    0x08008df6   0x00000000   Code   RO          859    x$fpl$usenofp       fz_ws.l(usenofp.o)
    0x08008df6   0x00000002   PAD
    0x08008df8   0x00000060   Data   RO          395    .constdata          analysis.o
    0x08008e58   0x00000100   Data   RO          569    .constdata          os_core.o
    0x08008f58   0x00000028   Data   RO          753    .constdata          c_w.l(_printf_hex_int.o)
    0x08008f80   0x00000011   Data   RO          783    .constdata          c_w.l(__printf_flags_wp.o)
    0x08008f91   0x0000001d   Data   RO          194    .conststring        mc323.o
    0x08008fae   0x00000002   PAD
    0x08008fb0   0x00000020   Data   RO         1023    Region$$Table       anon$$obj.o
    0x08008fd0   0x00000110   Data   RO          891    locale$$data        c_w.l(lc_ctype_c.o)


    Execution Region RW_IRAM1 (Base: 0x20000000, Size: 0x00004640, Max: 0x00005000, ABSOLUTE)

    Base Addr    Size         Type   Attr      Idx    E Section Name        Object

    0x20000000   0x00000014   Data   RW          157    .data               system_stm32f10x.o
    0x20000014   0x00000018   Data   RW          195    .data               mc323.o
    0x2000002c   0x00000002   Data   RW          239    .data               usart2.o
    0x2000002e   0x00000002   Data   RW          276    .data               usart3.o
    0x20000030   0x00000004   Data   RW          333    .data               delay.o
    0x20000034   0x00000004   Data   RW          349    .data               sys.o
    0x20000038   0x00000008   Data   RW          372    .data               usart.o
    0x20000040   0x00000038   Data   RW          396    .data               analysis.o
    0x20000078   0x00000014   Data   RW          467    .data               stm32f10x_rcc.o
    0x2000008c   0x00000060   Data   RW          570    .data               os_core.o
    0x200000ec   0x00000006   Data   RW          699    .data               os_cpu_c.o
    0x200000f2   0x00000002   PAD
    0x200000f4   0x00002600   Zero   RW            2    .bss                main.o
    0x200026f4   0x00000064   Zero   RW          238    .bss                usart2.o
    0x20002758   0x00000400   Zero   RW          257    .bss                flash_in.o
    0x20002b58   0x00000320   Zero   RW          275    .bss                usart3.o
    0x20002e78   0x0000000a   Zero   RW          294    .bss                adc.o
    0x20002e82   0x00000045   Zero   RW          348    .bss                sys.o
    0x20002ec7   0x000000c8   Zero   RW          371    .bss                usart.o
    0x20002f8f   0x0000004c   Zero   RW          394    .bss                analysis.o
    0x20002fdb   0x00000001   PAD
    0x20002fdc   0x00001000   Zero   RW          568    .bss                os_core.o
    0x20003fdc   0x00000060   Zero   RW          861    .bss                c_w.l(libspace.o)
    0x2000403c   0x00000004   PAD
    0x20004040   0x00000200   Zero   RW          424    HEAP                startup_stm32f10x_md.o
    0x20004240   0x00000400   Zero   RW          423    STACK               startup_stm32f10x_md.o


==============================================================================

Image component sizes


      Code (inc. data)   RO Data    RW Data    ZI Data      Debug   Object Name

       452         12          0          0         10       1779   adc.o
      1656         56         96         56         76       5970   analysis.o
       244         20          0          4          0       1223   delay.o
       324          8          0          0       1024       8902   flash_in.o
       580         98          0          0       9728     273135   main.o
      3260        618         29         24          0       9965   mc323.o
       220         20          0          0          0       1729   misc.o
      2228        220        256         96       4096      15818   os_core.o
       180         36          0          0          0        292   os_cpu_a.o
       212          4          0          6          0      11630   os_cpu_c.o
      2072         40          0          0          0       6708   os_flag.o
       436         18          0          0          0       2960   os_mem.o
      1512         30          0          0          0       5437   os_q.o
       908         18          0          0          0       3782   os_sem.o
      1996         70          0          0          0       7373   os_task.o
       440         30          0          0          0       1734   os_time.o
      1588         94          0          0          0       5413   os_tmr.o
       144         10          0          0          0        670   power_drv.o
        64         26        236          0       1536        760   startup_stm32f10x_md.o
      1102         26          0          0          0      10761   stm32f10x_adc.o
      1468         34          0          0          0       7958   stm32f10x_flash.o
       856         40          0          0          0       5573   stm32f10x_gpio.o
        18          0          0          0          0        857   stm32f10x_it.o
        64          6          0          0          0       1229   stm32f10x_iwdg.o
       932         44          0         20          0       8704   stm32f10x_rcc.o
      3610         88          0          0          0      22056   stm32f10x_tim.o
      1032         22          0          0          0       8296   stm32f10x_usart.o
      1528        288          0          4         69       6746   sys.o
       476         36          0         20          0       1631   system_stm32f10x.o
      1496        432          0          8        200       4503   usart.o
       624         32          0          2        100       2758   usart2.o
       724         50          0          2        800       3212   usart3.o
        44          0          0          0          0        606   whg.o

    ----------------------------------------------------------------------
     32496       2526        651        244      17640     450170   Object Totals
         0          0         32          0          0          0   (incl. Generated)
         6          0          2          2          1          0   (incl. Padding)

    ----------------------------------------------------------------------

      Code (inc. data)   RO Data    RW Data    ZI Data      Debug   Library Member Name

         8          0          0          0          0         68   __main.o
       316          6         17          0          0         92   __printf_flags_wp.o
        14          0          0          0          0         68   __printf_wp.o
        52          8          0          0          0          0   __scatter.o
        26          0          0          0          0          0   __scatter_copy.o
        28          0          0          0          0          0   __scatter_zi.o
        28          0          0          0          0         68   _chval.o
        44          0          0          0          0        108   _printf_char.o
        48          6          0          0          0         96   _printf_char_common.o
        36          4          0          0          0         80   _printf_char_file.o
         6          0          0          0          0          0   _printf_d.o
       120         18          0          0          0         92   _printf_dec.o
        92          4         40          0          0         88   _printf_hex_int.o
       184          0          0          0          0         88   _printf_intcommon.o
        82          0          0          0          0        108   _printf_pad.o
         0          0          0          0          0          0   _printf_percent.o
         4          0          0          0          0          0   _printf_percent_end.o
         6          0          0          0          0          0   _printf_s.o
        82          0          0          0          0         80   _printf_str.o
         6          0          0          0          0          0   _printf_x.o
        10          0          0          0          0         68   _sputc.o
       158          0          0          0          0         92   _strtoul.o
        12          0          0          0          0         72   exit.o
         8          0          0          0          0         68   ferror.o
         6          0          0          0          0        152   heapauxi.o
        44         10        272          0          0         76   lc_ctype_c.o
         2          0          0          0          0          0   libinit.o
        20          0          0          0          0          0   libinit2.o
         2          0          0          0          0          0   libshutdown.o
         2          0          0          0          0          0   libshutdown2.o
         8          4          0          0         96         68   libspace.o
        24          4          0          0          0         84   noretval__2printf.o
        40          6          0          0          0         84   noretval__2sprintf.o
        16          4          0          0          0         76   rt_ctype_table.o
         8          4          0          0          0         68   rt_errno_addr_intlibspace.o
         8          4          0          0          0         68   rt_locale_intlibspace.o
        78          0          0          0          0         80   rt_memclr_w.o
       100          0          0          0          0         80   rt_memcpy_w.o
         0          0          0          0          0          0   rtentry.o
        12          0          0          0          0          0   rtentry2.o
         6          0          0          0          0          0   rtentry4.o
         2          0          0          0          0          0   rtexit.o
        10          0          0          0          0          0   rtexit2.o
       128          0          0          0          0         68   strcmpv7m.o
        72          0          0          0          0         80   strcpy.o
        62          0          0          0          0         76   strlen.o
        36          0          0          0          0         80   strstr.o
       112          0          0          0          0         88   strtol.o
        74          0          0          0          0         80   sys_stackheap_outer.o
         2          0          0          0          0         68   use_no_semi.o
         2          0          0          0          0         68   use_no_semi_2.o
       450          8          0          0          0        236   faddsub_clz.o
       388         76          0          0          0         96   fdiv.o
        62          4          0          0          0         84   ffixu.o
        38          0          0          0          0         68   fflt_clz.o
       258          4          0          0          0         84   fmul.o
       140          4          0          0          0         84   fnaninf.o
        10          0          0          0          0         68   fretinf.o
         0          0          0          0          0          0   usenofp.o

    ----------------------------------------------------------------------
      3612        178        329          0        100       3500   Library Totals
        20          0          0          0          4          0   (incl. Padding)

    ----------------------------------------------------------------------

      Code (inc. data)   RO Data    RW Data    ZI Data      Debug   Library Name

      2246         82        329          0         96       2780   c_w.l
      1346         96          0          0          0        720   fz_ws.l

    ----------------------------------------------------------------------
      3612        178        329          0        100       3500   Library Totals

    ----------------------------------------------------------------------

==============================================================================


      Code (inc. data)   RO Data    RW Data    ZI Data      Debug   

     36108       2704        980        244      17740     448522   Grand Totals
     36108       2704        980        244      17740     448522   ELF Image Totals
     36108       2704        980        244          0          0   ROM Totals

==============================================================================

    Total RO  Size (Code + RO Data)                37088 (  36.22kB)
    Total RW  Size (RW Data + ZI Data)             17984 (  17.56kB)
    Total ROM Size (Code + RO Data + RW Data)      37332 (  36.46kB)

==============================================================================

